Archive member included because of file (symbol)

c:/program files/microchip/xc32/v2.40/bin/bin/../../lib/gcc/pic32mx/4.8.3/../../../../pic32mx/lib/fpu64\libpic32.a(default-on-reset.o)
                              C:\Users\afaid\AppData\Local\Temp\ccGd2rPU.o (_on_reset)
c:/program files/microchip/xc32/v2.40/bin/bin/../../lib/gcc/pic32mx/4.8.3/../../../../pic32mx/lib/fpu64\libpic32.a(default-on-bootstrap.o)
                              C:\Users\afaid\AppData\Local\Temp\ccGd2rPU.o (_on_bootstrap)
c:/program files/microchip/xc32/v2.40/bin/bin/../../lib/gcc/pic32mx/4.8.3/../../../../pic32mx/lib/fpu64\libpic32.a(default-nmi-handler.o)
                              C:\Users\afaid\AppData\Local\Temp\ccGd2rPU.o (_nmi_handler)
c:/program files/microchip/xc32/v2.40/bin/bin/../../lib/gcc/pic32mx/4.8.3/../../../../pic32mx/lib/fpu64\libpic32.a(pic32_data_init.o)
                              C:\Users\afaid\AppData\Local\Temp\ccGd2rPU.o (__pic32_data_init)
c:/program files/microchip/xc32/v2.40/bin/bin/../../lib/gcc/pic32mx/4.8.3/../../../../pic32mx/lib/fpu64\libpic32.a(pic32_init_cache.o)
                              C:\Users\afaid\AppData\Local\Temp\ccGd2rPU.o (__pic32_init_cache)
c:/program files/microchip/xc32/v2.40/bin/bin/../../lib/gcc/pic32mx/4.8.3/../../../../pic32mx/lib/fpu64\libpic32.a(pic32_init_tlb_ebi_sqi.o)
                              C:\Users\afaid\AppData\Local\Temp\ccGd2rPU.o (__pic32_tlb_init_ebi_sqi)
c:/program files/microchip/xc32/v2.40/bin/bin/../../lib/gcc/pic32mx/4.8.3/../../../../pic32mx/lib/fpu64\libpic32.a(general-exception.o)
                              C:\Users\afaid\AppData\Local\Temp\ccGd2rPU.o (_general_exception_context)
c:/program files/microchip/xc32/v2.40/bin/bin/../../lib/gcc/pic32mx/4.8.3/../../../../pic32mx/lib/fpu64\libpic32.a(cache-err-exception.o)
                              C:\Users\afaid\AppData\Local\Temp\ccGd2rPU.o (_cache_err_exception_context)
c:/program files/microchip/xc32/v2.40/bin/bin/../../lib/gcc/pic32mx/4.8.3/../../../../pic32mx/lib/fpu64\libpic32.a(simple-tlb-refill-exception.o)
                              C:\Users\afaid\AppData\Local\Temp\ccGd2rPU.o (_simple_tlb_refill_exception_context)
c:/program files/microchip/xc32/v2.40/bin/bin/../../lib/gcc/pic32mx/4.8.3/../../../../pic32mx/lib/fpu64\libpic32.a(defaultinterrupt.o)
                              C:\Users\afaid\AppData\Local\Temp\ccUKEFx3.o (_DefaultInterrupt)
c:/program files/microchip/xc32/v2.40/bin/bin/../../lib/gcc/pic32mx/4.8.3/../../../../pic32mx/lib/fpu64\libc.a(_iob.o)
                              build/pic32mz_ef_sk/production/_ext/942849350/initialization.o (_iob)
c:/program files/microchip/xc32/v2.40/bin/bin/../../lib/gcc/pic32mx/4.8.3/../../../../pic32mx/lib/fpu64\libc.a(setbuf.o)
                              build/pic32mz_ef_sk/production/_ext/942849350/initialization.o (setbuf)
c:/program files/microchip/xc32/v2.40/bin/bin/../../lib/gcc/pic32mx/4.8.3/../../../../pic32mx/lib/fpu64\libc.a(printf_s.eo)
                              build/pic32mz_ef_sk/production/_ext/1360937237/app_mips.o (_printf_0)
c:/program files/microchip/xc32/v2.40/bin/bin/../../lib/gcc/pic32mx/4.8.3/../../../../pic32mx/lib/fpu64\libc.a(buf.o)
                              c:/program files/microchip/xc32/v2.40/bin/bin/../../lib/gcc/pic32mx/4.8.3/../../../../pic32mx/lib/fpu64\libc.a(setbuf.o) (_bufallo)
c:/program files/microchip/xc32/v2.40/bin/bin/../../lib/gcc/pic32mx/4.8.3/../../../../pic32mx/lib/fpu64\libc.a(errno.o)
                              c:/program files/microchip/xc32/v2.40/bin/bin/../../lib/gcc/pic32mx/4.8.3/../../../../pic32mx/lib/fpu64\libc.a(buf.o) (errno)
c:/program files/microchip/xc32/v2.40/bin/bin/../../lib/gcc/pic32mx/4.8.3/../../../../pic32mx/lib/fpu64\libc.a(doprnt_s.eo)
                              c:/program files/microchip/xc32/v2.40/bin/bin/../../lib/gcc/pic32mx/4.8.3/../../../../pic32mx/lib/fpu64\libc.a(printf_s.eo) (_vfprintf_s)
c:/program files/microchip/xc32/v2.40/bin/bin/../../lib/gcc/pic32mx/4.8.3/../../../../pic32mx/lib/fpu64\libc.a(_fputc_simple.o)
                              c:/program files/microchip/xc32/v2.40/bin/bin/../../lib/gcc/pic32mx/4.8.3/../../../../pic32mx/lib/fpu64\libc.a(doprnt_s.eo) (fputc)
c:/program files/microchip/xc32/v2.40/bin/bin/../../lib/gcc/pic32mx/4.8.3/../../../../pic32mx/lib/fpu64\libc.a(ctype.o)
                              c:/program files/microchip/xc32/v2.40/bin/bin/../../lib/gcc/pic32mx/4.8.3/../../../../pic32mx/lib/fpu64\libc.a(doprnt_s.eo) (_ctype)
c:/program files/microchip/xc32/v2.40/bin/bin/../../lib/gcc/pic32mx/4.8.3/../../../../pic32mx/lib/fpu64\libc.a(_flsbuf_simple.o)
                              c:/program files/microchip/xc32/v2.40/bin/bin/../../lib/gcc/pic32mx/4.8.3/../../../../pic32mx/lib/fpu64\libc.a(_fputc_simple.o) (_flsbuf)
c:/program files/microchip/xc32/v2.40/bin/bin/../../lib/gcc/pic32mx/4.8.3/fpu64\libgcc.a(_udivdi3.o)
[...]
Memory Configuration

Name             Origin             Length             Attributes
kseg0_program_mem 0x9d001000         0x000fe800         xr
kseg1_boot_mem   0xbd000000         0x00000480
kseg1_boot_mem_4B0 0xbd0004b0         0x00000b50
kseg0_data_mem   0x80000010         0x0007fff0         w !x
sfrs             0xbf800000         0x00100000
kseg2_ebi_data_mem 0xc0000000         0x04000000
kseg2_sqi_data_mem 0xd0000000         0x04000000
kseg3_ebi_data_mem 0xe0000000         0x04000000
kseg3_sqi_data_mem 0xf0000000         0x04000000
*default*        0x00000000         0xffffffff

Linker script and memory map

LOAD c:/program files/microchip/xc32/v2.40/bin/bin/../../lib/gcc/pic32mx/4.8.3/../../../../pic32mx/lib/fpu64\debug-exception-return.o
LOAD build/pic32mz_ef_sk/production/_ext/978308758/bsp.o
LOAD build/pic32mz_ef_sk/production/_ext/1098417660/plib_clk.o
LOAD build/pic32mz_ef_sk/production/_ext/1710852712/plib_coretimer.o
LOAD build/pic32mz_ef_sk/production/_ext/308860137/plib_evic.o
LOAD build/pic32mz_ef_sk/production/_ext/308913965/plib_gpio.o
LOAD build/pic32mz_ef_sk/production/_ext/309316908/plib_uart6.o
LOAD build/pic32mz_ef_sk/production/_ext/458842868/xc32_monitor.o
LOAD build/pic32mz_ef_sk/production/_ext/942849350/initialization.o
LOAD build/pic32mz_ef_sk/production/_ext/942849350/interrupts.o
LOAD build/pic32mz_ef_sk/production/_ext/942849350/exceptions.o
LOAD build/pic32mz_ef_sk/production/_ext/942849350/tasks.o
LOAD build/pic32mz_ef_sk/production/_ext/1360937237/main.o
LOAD build/pic32mz_ef_sk/production/_ext/1360937237/app_mips.o
                0x00000001                __MPLAB_BUILD = 0x1
                0x00000400                PROVIDE (_min_stack_size, 0x400)
START GROUP
LOAD c:/program files/microchip/xc32/v2.40/bin/bin/../../lib/gcc/pic32mx/4.8.3/../../../../pic32mx/lib/./proc/32MZ2048EFM144\vector_offset_init.o
END GROUP
                0x00000001                PROVIDE (_vector_spacing, 0x1)
                0x9d000000                PROVIDE (_ebase_address, 0x9d000000)
                0x00001000                PROVIDE (_ebase_vector_offsets, 0x1000)
                0xbd000000                _RESET_ADDR = 0xbd000000
                0x9d001000                _SIMPLE_TLB_REFILL_EXCPT_ADDR = ((_ebase_address + _ebase_vector_offsets) + 0x0)
                0x9d001100                _CACHE_ERR_EXCPT_ADDR = ((_ebase_address + _ebase_vector_offsets) + 0x100)
                0x9d001180                _GEN_EXCPT_ADDR = ((_ebase_address + _ebase_vector_offsets) + 0x180)

.reset          0xbd000000      0x1c4
 *(.reset)
 .reset         0xbd000000       0x18 C:\Users\afaid\AppData\Local\Temp\ccGd2rPU.o
                0xbd000000                _reset
 *(.reset.startup)
 .reset.startup
                0xbd000018      0x1ac C:\Users\afaid\AppData\Local\Temp\ccGd2rPU.o
                0xbd000018                _startup

.cache_init     0xbd0004b0      0x1c0
 *(.cache_init)
 *(.cache_init.*)
 .cache_init.cache
                0xbd0004b0       0xc0 c:/program files/microchip/xc32/v2.40/bin/bin/../../lib/gcc/pic32mx/4.8.3/../../../../pic32mx/lib/fpu64\libpic32.a(pic32_init_cache.o)
 .cache_init.pic32_init_cache
                0xbd000570      0x100 c:/program files/microchip/xc32/v2.40/bin/bin/../../lib/gcc/pic32mx/4.8.3/../../../../pic32mx/lib/fpu64\libpic32.a(pic32_init_cache.o)
                0xbd000570                __pic32_init_cache

.simple_tlb_refill_excpt
                0x9d001000       0x10
 *(.simple_tlb_refill_vector)
 .simple_tlb_refill_vector
                0x9d001000       0x10 C:\Users\afaid\AppData\Local\Temp\ccGd2rPU.o

.cache_err_excpt
                0x9d001100       0x10
 *(.cache_err_vector)
 .cache_err_vector
                0x9d001100       0x10 C:\Users\afaid\AppData\Local\Temp\ccGd2rPU.o

.app_excpt      0x9d001180       0x10
 *(.gen_handler)
 .gen_handler   0x9d001180       0x10 C:\Users\afaid\AppData\Local\Temp\ccGd2rPU.o

.vectors        0x9d001200       0x48
                0x9d001200                . = ALIGN (0x4)
                0x00001200                __vector_offset_0 = DEFINED (__vector_dispatch_0)?(. - _ebase_address):__vector_offset_default
 *(.vector_0)
                0x9d001200                . = ALIGN (0x4)
                0x00001200                __vector_offset_1 = DEFINED (__vector_dispatch_1)?(. - _ebase_address):__vector_offset_default
 *(.vector_1)
                0x9d001200                . = ALIGN (0x4)
                0x00001200                __vector_offset_2 = DEFINED (__vector_dispatch_2)?(. - _ebase_address):__vector_offset_default
 *(.vector_2)
                0x9d001200                . = ALIGN (0x4)
                0x00001200                __vector_offset_3 = DEFINED (__vector_dispatch_3)?(. - _ebase_address):__vector_offset_default
 *(.vector_3)
                0x9d001200                . = ALIGN (0x4)
                0x00001200                __vector_offset_4 = DEFINED (__vector_dispatch_4)?(. - _ebase_address):__vector_offset_default
 *(.vector_4)
                0x9d001200                . = ALIGN (0x4)
                0x00001200                __vector_offset_5 = DEFINED (__vector_dispatch_5)?(. - _ebase_address):__vector_offset_default
 *(.vector_5)
                0x9d001200                . = ALIGN (0x4)
                0x00001200                __vector_offset_6 = DEFINED (__vector_dispatch_6)?(. - _ebase_address):__vector_offset_default
 *(.vector_6)
                0x9d001200                . = ALIGN (0x4)
                0x00001200                __vector_offset_7 = DEFINED (__vector_dispatch_7)?(. - _ebase_address):__vector_offset_default
 *(.vector_7)
                0x9d001200                . = ALIGN (0x4)
                0x00001200                __vector_offset_8 = DEFINED (__vector_dispatch_8)?(. - _ebase_address):__vector_offset_default
 *(.vector_8)
                0x9d001200                . = ALIGN (0x4)
                0x00001200                __vector_offset_9 = DEFINED (__vector_dispatch_9)?(. - _ebase_address):__vector_offset_default
 *(.vector_9)
                0x9d001200                . = ALIGN (0x4)
                0x00001200                __vector_offset_10 = DEFINED (__vector_dispatch_10)?(. - _ebase_address):__vector_offset_default
 *(.vector_10)
                0x9d001200                . = ALIGN (0x4)
                0x00001200                __vector_offset_11 = DEFINED (__vector_dispatch_11)?(. - _ebase_address):__vector_offset_default
 *(.vector_11)
                0x9d001200                . = ALIGN (0x4)
                0x00001200                __vector_offset_12 = DEFINED (__vector_dispatch_12)?(. - _ebase_address):__vector_offset_default
 *(.vector_12)
                0x9d001200                . = ALIGN (0x4)
                0x00001200                __vector_offset_13 = DEFINED (__vector_dispatch_13)?(. - _ebase_address):__vector_offset_default
 *(.vector_13)
                0x9d001200                . = ALIGN (0x4)
                0x00001200                __vector_offset_14 = DEFINED (__vector_dispatch_14)?(. - _ebase_address):__vector_offset_default
 *(.vector_14)
                0x9d001200                . = ALIGN (0x4)
                0x00001200                __vector_offset_15 = DEFINED (__vector_dispatch_15)?(. - _ebase_address):__vector_offset_default
 *(.vector_15)
                0x9d001200                . = ALIGN (0x4)
                0x00001200                __vector_offset_16 = DEFINED (__vector_dispatch_16)?(. - _ebase_address):__vector_offset_default
 *(.vector_16)
                0x9d001200                . = ALIGN (0x4)
                0x00001200                __vector_offset_17 = DEFINED (__vector_dispatch_17)?(. - _ebase_address):__vector_offset_default
 *(.vector_17)
                0x9d001200                . = ALIGN (0x4)
                0x00001200                __vector_offset_18 = DEFINED (__vector_dispatch_18)?(. - _ebase_address):__vector_offset_default
 *(.vector_18)
                0x9d001200                . = ALIGN (0x4)
                0x00001200                __vector_offset_19 = DEFINED (__vector_dispatch_19)?(. - _ebase_address):__vector_offset_default
 *(.vector_19)
                0x9d001200                . = ALIGN (0x4)
                0x00001200                __vector_offset_20 = DEFINED (__vector_dispatch_20)?(. - _ebase_address):__vector_offset_default
 *(.vector_20)
                0x9d001200                . = ALIGN (0x4)
                0x00001200                __vector_offset_21 = DEFINED (__vector_dispatch_21)?(. - _ebase_address):__vector_offset_default
 *(.vector_21)
                0x9d001200                . = ALIGN (0x4)
                0x00001200                __vector_offset_22 = DEFINED (__vector_dispatch_22)?(. - _ebase_address):__vector_offset_default
 *(.vector_22)
                0x9d001200                . = ALIGN (0x4)
                0x00001200                __vector_offset_23 = DEFINED (__vector_dispatch_23)?(. - _ebase_address):__vector_offset_default
 *(.vector_23)
                0x9d001200                . = ALIGN (0x4)
                0x00001200                __vector_offset_24 = DEFINED (__vector_dispatch_24)?(. - _ebase_address):__vector_offset_default
 *(.vector_24)
                0x9d001200                . = ALIGN (0x4)
                0x00001200                __vector_offset_25 = DEFINED (__vector_dispatch_25)?(. - _ebase_address):__vector_offset_default
 *(.vector_25)
                0x9d001200                . = ALIGN (0x4)
                0x00001200                __vector_offset_26 = DEFINED (__vector_dispatch_26)?(. - _ebase_address):__vector_offset_default
 *(.vector_26)
                0x9d001200                . = ALIGN (0x4)
                0x00001200                __vector_offset_27 = DEFINED (__vector_dispatch_27)?(. - _ebase_address):__vector_offset_default
 *(.vector_27)
                0x9d001200                . = ALIGN (0x4)
                0x00001200                __vector_offset_28 = DEFINED (__vector_dispatch_28)?(. - _ebase_address):__vector_offset_default
 *(.vector_28)
                0x9d001200                . = ALIGN (0x4)
                0x00001200                __vector_offset_29 = DEFINED (__vector_dispatch_29)?(. - _ebase_address):__vector_offset_default
 *(.vector_29)
                0x9d001200                . = ALIGN (0x4)
                0x00001200                __vector_offset_30 = DEFINED (__vector_dispatch_30)?(. - _ebase_address):__vector_offset_default
 *(.vector_30)
                0x9d001200                . = ALIGN (0x4)
                0x00001200                __vector_offset_31 = DEFINED (__vector_dispatch_31)?(. - _ebase_address):__vector_offset_default
 *(.vector_31)
                0x9d001200                . = ALIGN (0x4)
                0x00001200                __vector_offset_32 = DEFINED (__vector_dispatch_32)?(. - _ebase_address):__vector_offset_default
 *(.vector_32)
                0x9d001200                . = ALIGN (0x4)
                0x00001200                __vector_offset_33 = DEFINED (__vector_dispatch_33)?(. - _ebase_address):__vector_offset_default
 *(.vector_33)
                0x9d001200                . = ALIGN (0x4)
                0x00001200                __vector_offset_34 = DEFINED (__vector_dispatch_34)?(. - _ebase_address):__vector_offset_default
 *(.vector_34)
                0x9d001200                . = ALIGN (0x4)
                0x00001200                __vector_offset_35 = DEFINED (__vector_dispatch_35)?(. - _ebase_address):__vector_offset_default
 *(.vector_35)
                0x9d001200                . = ALIGN (0x4)
                0x00001200                __vector_offset_36 = DEFINED (__vector_dispatch_36)?(. - _ebase_address):__vector_offset_default
 *(.vector_36)
                0x9d001200                . = ALIGN (0x4)
                0x00001200                __vector_offset_37 = DEFINED (__vector_dispatch_37)?(. - _ebase_address):__vector_offset_default
 *(.vector_37)
                0x9d001200                . = ALIGN (0x4)
                0x00001200                __vector_offset_38 = DEFINED (__vector_dispatch_38)?(. - _ebase_address):__vector_offset_default
 *(.vector_38)
                0x9d001200                . = ALIGN (0x4)
                0x00001200                __vector_offset_39 = DEFINED (__vector_dispatch_39)?(. - _ebase_address):__vector_offset_default
 *(.vector_39)
                0x9d001200                . = ALIGN (0x4)
                0x00001200                __vector_offset_40 = DEFINED (__vector_dispatch_40)?(. - _ebase_address):__vector_offset_default
 *(.vector_40)
                0x9d001200                . = ALIGN (0x4)
                0x00001200                __vector_offset_41 = DEFINED (__vector_dispatch_41)?(. - _ebase_address):__vector_offset_default
 *(.vector_41)
                0x9d001200                . = ALIGN (0x4)
                0x00001200                __vector_offset_42 = DEFINED (__vector_dispatch_42)?(. - _ebase_address):__vector_offset_default
 *(.vector_42)
                0x9d001200                . = ALIGN (0x4)
                0x00001200                __vector_offset_43 = DEFINED (__vector_dispatch_43)?(. - _ebase_address):__vector_offset_default
 *(.vector_43)
                0x9d001200                . = ALIGN (0x4)
                0x00001200                __vector_offset_44 = DEFINED (__vector_dispatch_44)?(. - _ebase_address):__vector_offset_default
 *(.vector_44)
                0x9d001200                . = ALIGN (0x4)
                0x00001200                __vector_offset_45 = DEFINED (__vector_dispatch_45)?(. - _ebase_address):__vector_offset_default
 *(.vector_45)
                0x9d001200                . = ALIGN (0x4)
                0x00001200                __vector_offset_46 = DEFINED (__vector_dispatch_46)?(. - _ebase_address):__vector_offset_default
 *(.vector_46)
                0x9d001200                . = ALIGN (0x4)
                0x00001200                __vector_offset_47 = DEFINED (__vector_dispatch_47)?(. - _ebase_address):__vector_offset_default
 *(.vector_47)
                0x9d001200                . = ALIGN (0x4)
                0x00001200                __vector_offset_48 = DEFINED (__vector_dispatch_48)?(. - _ebase_address):__vector_offset_default
 *(.vector_48)
                0x9d001200                . = ALIGN (0x4)
                0x00001200                __vector_offset_49 = DEFINED (__vector_dispatch_49)?(. - _ebase_address):__vector_offset_default
 *(.vector_49)
                0x9d001200                . = ALIGN (0x4)
                0x00001200                __vector_offset_50 = DEFINED (__vector_dispatch_50)?(. - _ebase_address):__vector_offset_default
 *(.vector_50)
                0x9d001200                . = ALIGN (0x4)
                0x00001200                __vector_offset_51 = DEFINED (__vector_dispatch_51)?(. - _ebase_address):__vector_offset_default
 *(.vector_51)
                0x9d001200                . = ALIGN (0x4)
                0x00001200                __vector_offset_52 = DEFINED (__vector_dispatch_52)?(. - _ebase_address):__vector_offset_default
 *(.vector_52)
                0x9d001200                . = ALIGN (0x4)
                0x00001200                __vector_offset_53 = DEFINED (__vector_dispatch_53)?(. - _ebase_address):__vector_offset_default
 *(.vector_53)
                0x9d001200                . = ALIGN (0x4)
                0x00001200                __vector_offset_54 = DEFINED (__vector_dispatch_54)?(. - _ebase_address):__vector_offset_default
 *(.vector_54)
                0x9d001200                . = ALIGN (0x4)
                0x00001200                __vector_offset_55 = DEFINED (__vector_dispatch_55)?(. - _ebase_address):__vector_offset_default
 *(.vector_55)
                0x9d001200                . = ALIGN (0x4)
                0x00001200                __vector_offset_56 = DEFINED (__vector_dispatch_56)?(. - _ebase_address):__vector_offset_default
 *(.vector_56)
                0x9d001200                . = ALIGN (0x4)
                0x00001200                __vector_offset_57 = DEFINED (__vector_dispatch_57)?(. - _ebase_address):__vector_offset_default
 *(.vector_57)
                0x9d001200                . = ALIGN (0x4)
                0x00001200                __vector_offset_58 = DEFINED (__vector_dispatch_58)?(. - _ebase_address):__vector_offset_default
 *(.vector_58)
                0x9d001200                . = ALIGN (0x4)
                0x00001200                __vector_offset_59 = DEFINED (__vector_dispatch_59)?(. - _ebase_address):__vector_offset_default
 *(.vector_59)
                0x9d001200                . = ALIGN (0x4)
                0x00001200                __vector_offset_60 = DEFINED (__vector_dispatch_60)?(. - _ebase_address):__vector_offset_default
 *(.vector_60)
                0x9d001200                . = ALIGN (0x4)
                0x00001200                __vector_offset_61 = DEFINED (__vector_dispatch_61)?(. - _ebase_address):__vector_offset_default
 *(.vector_61)
                0x9d001200                . = ALIGN (0x4)
                0x00001200                __vector_offset_62 = DEFINED (__vector_dispatch_62)?(. - _ebase_address):__vector_offset_default
 *(.vector_62)
                0x9d001200                . = ALIGN (0x4)
                0x00001200                __vector_offset_63 = DEFINED (__vector_dispatch_63)?(. - _ebase_address):__vector_offset_default
 *(.vector_63)
                0x9d001200                . = ALIGN (0x4)
                0x00001200                __vector_offset_64 = DEFINED (__vector_dispatch_64)?(. - _ebase_address):__vector_offset_default
 *(.vector_64)
                0x9d001200                . = ALIGN (0x4)
                0x00001200                __vector_offset_65 = DEFINED (__vector_dispatch_65)?(. - _ebase_address):__vector_offset_default
 *(.vector_65)
                0x9d001200                . = ALIGN (0x4)
                0x00001200                __vector_offset_66 = DEFINED (__vector_dispatch_66)?(. - _ebase_address):__vector_offset_default
 *(.vector_66)
                0x9d001200                . = ALIGN (0x4)
                0x00001200                __vector_offset_67 = DEFINED (__vector_dispatch_67)?(. - _ebase_address):__vector_offset_default
 *(.vector_67)
                0x9d001200                . = ALIGN (0x4)
                0x00001200                __vector_offset_68 = DEFINED (__vector_dispatch_68)?(. - _ebase_address):__vector_offset_default
 *(.vector_68)
                0x9d001200                . = ALIGN (0x4)
                0x00001200                __vector_offset_69 = DEFINED (__vector_dispatch_69)?(. - _ebase_address):__vector_offset_default
 *(.vector_69)
                0x9d001200                . = ALIGN (0x4)
                0x00001200                __vector_offset_70 = DEFINED (__vector_dispatch_70)?(. - _ebase_address):__vector_offset_default
 *(.vector_70)
                0x9d001200                . = ALIGN (0x4)
                0x00001200                __vector_offset_71 = DEFINED (__vector_dispatch_71)?(. - _ebase_address):__vector_offset_default
 *(.vector_71)
                0x9d001200                . = ALIGN (0x4)
                0x00001200                __vector_offset_72 = DEFINED (__vector_dispatch_72)?(. - _ebase_address):__vector_offset_default
 *(.vector_72)
                0x9d001200                . = ALIGN (0x4)
                0x00001200                __vector_offset_73 = DEFINED (__vector_dispatch_73)?(. - _ebase_address):__vector_offset_default
 *(.vector_73)
                0x9d001200                . = ALIGN (0x4)
                0x00001200                __vector_offset_74 = DEFINED (__vector_dispatch_74)?(. - _ebase_address):__vector_offset_default
 *(.vector_74)
                0x9d001200                . = ALIGN (0x4)
                0x00001200                __vector_offset_75 = DEFINED (__vector_dispatch_75)?(. - _ebase_address):__vector_offset_default
 *(.vector_75)
                0x9d001200                . = ALIGN (0x4)
                0x00001200                __vector_offset_76 = DEFINED (__vector_dispatch_76)?(. - _ebase_address):__vector_offset_default
 *(.vector_76)
                0x9d001200                . = ALIGN (0x4)
                0x00001200                __vector_offset_77 = DEFINED (__vector_dispatch_77)?(. - _ebase_address):__vector_offset_default
 *(.vector_77)
                0x9d001200                . = ALIGN (0x4)
                0x00001200                __vector_offset_78 = DEFINED (__vector_dispatch_78)?(. - _ebase_address):__vector_offset_default
 *(.vector_78)
                0x9d001200                . = ALIGN (0x4)
                0x00001200                __vector_offset_79 = DEFINED (__vector_dispatch_79)?(. - _ebase_address):__vector_offset_default
 *(.vector_79)
                0x9d001200                . = ALIGN (0x4)
                0x00001200                __vector_offset_80 = DEFINED (__vector_dispatch_80)?(. - _ebase_address):__vector_offset_default
 *(.vector_80)
                0x9d001200                . = ALIGN (0x4)
                0x00001200                __vector_offset_81 = DEFINED (__vector_dispatch_81)?(. - _ebase_address):__vector_offset_default
 *(.vector_81)
                0x9d001200                . = ALIGN (0x4)
                0x00001200                __vector_offset_82 = DEFINED (__vector_dispatch_82)?(. - _ebase_address):__vector_offset_default
 *(.vector_82)
                0x9d001200                . = ALIGN (0x4)
                0x00001200                __vector_offset_83 = DEFINED (__vector_dispatch_83)?(. - _ebase_address):__vector_offset_default
 *(.vector_83)
                0x9d001200                . = ALIGN (0x4)
                0x00001200                __vector_offset_84 = DEFINED (__vector_dispatch_84)?(. - _ebase_address):__vector_offset_default
 *(.vector_84)
                0x9d001200                . = ALIGN (0x4)
                0x00001200                __vector_offset_85 = DEFINED (__vector_dispatch_85)?(. - _ebase_address):__vector_offset_default
 *(.vector_85)
                0x9d001200                . = ALIGN (0x4)
                0x00001200                __vector_offset_86 = DEFINED (__vector_dispatch_86)?(. - _ebase_address):__vector_offset_default
 *(.vector_86)
                0x9d001200                . = ALIGN (0x4)
                0x00001200                __vector_offset_87 = DEFINED (__vector_dispatch_87)?(. - _ebase_address):__vector_offset_default
 *(.vector_87)
                0x9d001200                . = ALIGN (0x4)
                0x00001200                __vector_offset_88 = DEFINED (__vector_dispatch_88)?(. - _ebase_address):__vector_offset_default
 *(.vector_88)
                0x9d001200                . = ALIGN (0x4)
                0x00001200                __vector_offset_89 = DEFINED (__vector_dispatch_89)?(. - _ebase_address):__vector_offset_default
 *(.vector_89)
                0x9d001200                . = ALIGN (0x4)
                0x00001200                __vector_offset_90 = DEFINED (__vector_dispatch_90)?(. - _ebase_address):__vector_offset_default
 *(.vector_90)
                0x9d001200                . = ALIGN (0x4)
                0x00001200                __vector_offset_91 = DEFINED (__vector_dispatch_91)?(. - _ebase_address):__vector_offset_default
 *(.vector_91)
                0x9d001200                . = ALIGN (0x4)
                0x00001200                __vector_offset_92 = DEFINED (__vector_dispatch_92)?(. - _ebase_address):__vector_offset_default
 *(.vector_92)
                0x9d001200                . = ALIGN (0x4)
                0x00001200                __vector_offset_93 = DEFINED (__vector_dispatch_93)?(. - _ebase_address):__vector_offset_default
 *(.vector_93)
                0x9d001200                . = ALIGN (0x4)
                0x00001200                __vector_offset_94 = DEFINED (__vector_dispatch_94)?(. - _ebase_address):__vector_offset_default
 *(.vector_94)
                0x9d001200                . = ALIGN (0x4)
                0x00001200                __vector_offset_95 = DEFINED (__vector_dispatch_95)?(. - _ebase_address):__vector_offset_default
 *(.vector_95)
                0x9d001200                . = ALIGN (0x4)
                0x00001200                __vector_offset_96 = DEFINED (__vector_dispatch_96)?(. - _ebase_address):__vector_offset_default
 *(.vector_96)
                0x9d001200                . = ALIGN (0x4)
                0x00001200                __vector_offset_97 = DEFINED (__vector_dispatch_97)?(. - _ebase_address):__vector_offset_default
 *(.vector_97)
                0x9d001200                . = ALIGN (0x4)
                0x00001200                __vector_offset_98 = DEFINED (__vector_dispatch_98)?(. - _ebase_address):__vector_offset_default
 *(.vector_98)
                0x9d001200                . = ALIGN (0x4)
                0x00001200                __vector_offset_99 = DEFINED (__vector_dispatch_99)?(. - _ebase_address):__vector_offset_default
 *(.vector_99)
                0x9d001200                . = ALIGN (0x4)
                0x00001200                __vector_offset_100 = DEFINED (__vector_dispatch_100)?(. - _ebase_address):__vector_offset_default
 *(.vector_100)
                0x9d001200                . = ALIGN (0x4)
                0x00001200                __vector_offset_101 = DEFINED (__vector_dispatch_101)?(. - _ebase_address):__vector_offset_default
 *(.vector_101)
                0x9d001200                . = ALIGN (0x4)
                0x00001200                __vector_offset_102 = DEFINED (__vector_dispatch_102)?(. - _ebase_address):__vector_offset_default
 *(.vector_102)
                0x9d001200                . = ALIGN (0x4)
                0x00001200                __vector_offset_103 = DEFINED (__vector_dispatch_103)?(. - _ebase_address):__vector_offset_default
 *(.vector_103)
                0x9d001200                . = ALIGN (0x4)
                0x00001200                __vector_offset_104 = DEFINED (__vector_dispatch_104)?(. - _ebase_address):__vector_offset_default
 *(.vector_104)
                0x9d001200                . = ALIGN (0x4)
                0x00001200                __vector_offset_105 = DEFINED (__vector_dispatch_105)?(. - _ebase_address):__vector_offset_default
 *(.vector_105)
                0x9d001200                . = ALIGN (0x4)
                0x00001200                __vector_offset_106 = DEFINED (__vector_dispatch_106)?(. - _ebase_address):__vector_offset_default
 *(.vector_106)
                0x9d001200                . = ALIGN (0x4)
                0x00001200                __vector_offset_107 = DEFINED (__vector_dispatch_107)?(. - _ebase_address):__vector_offset_default
 *(.vector_107)
                0x9d001200                . = ALIGN (0x4)
                0x00001200                __vector_offset_108 = DEFINED (__vector_dispatch_108)?(. - _ebase_address):__vector_offset_default
 *(.vector_108)
                0x9d001200                . = ALIGN (0x4)
                0x00001200                __vector_offset_109 = DEFINED (__vector_dispatch_109)?(. - _ebase_address):__vector_offset_default
 *(.vector_109)
                0x9d001200                . = ALIGN (0x4)
                0x00001200                __vector_offset_110 = DEFINED (__vector_dispatch_110)?(. - _ebase_address):__vector_offset_default
 *(.vector_110)
                0x9d001200                . = ALIGN (0x4)
                0x00001200                __vector_offset_111 = DEFINED (__vector_dispatch_111)?(. - _ebase_address):__vector_offset_default
 *(.vector_111)
                0x9d001200                . = ALIGN (0x4)
                0x00001200                __vector_offset_112 = DEFINED (__vector_dispatch_112)?(. - _ebase_address):__vector_offset_default
 *(.vector_112)
                0x9d001200                . = ALIGN (0x4)
                0x00001200                __vector_offset_113 = DEFINED (__vector_dispatch_113)?(. - _ebase_address):__vector_offset_default
 *(.vector_113)
                0x9d001200                . = ALIGN (0x4)
                0x00001200                __vector_offset_114 = DEFINED (__vector_dispatch_114)?(. - _ebase_address):__vector_offset_default
 *(.vector_114)
                0x9d001200                . = ALIGN (0x4)
                0x00001200                __vector_offset_115 = DEFINED (__vector_dispatch_115)?(. - _ebase_address):__vector_offset_default
 *(.vector_115)
                0x9d001200                . = ALIGN (0x4)
                0x00001200                __vector_offset_116 = DEFINED (__vector_dispatch_116)?(. - _ebase_address):__vector_offset_default
 *(.vector_116)
                0x9d001200                . = ALIGN (0x4)
                0x00001200                __vector_offset_117 = DEFINED (__vector_dispatch_117)?(. - _ebase_address):__vector_offset_default
 *(.vector_117)
                0x9d001200                . = ALIGN (0x4)
                0x00001200                __vector_offset_118 = DEFINED (__vector_dispatch_118)?(. - _ebase_address):__vector_offset_default
 *(.vector_118)
                0x9d001200                . = ALIGN (0x4)
                0x00001200                __vector_offset_119 = DEFINED (__vector_dispatch_119)?(. - _ebase_address):__vector_offset_default
 *(.vector_119)
                0x9d001200                . = ALIGN (0x4)
                0x00001200                __vector_offset_120 = DEFINED (__vector_dispatch_120)?(. - _ebase_address):__vector_offset_default
 *(.vector_120)
                0x9d001200                . = ALIGN (0x4)
                0x00001200                __vector_offset_121 = DEFINED (__vector_dispatch_121)?(. - _ebase_address):__vector_offset_default
 *(.vector_121)
                0x9d001200                . = ALIGN (0x4)
                0x00001200                __vector_offset_122 = DEFINED (__vector_dispatch_122)?(. - _ebase_address):__vector_offset_default
 *(.vector_122)
                0x9d001200                . = ALIGN (0x4)
                0x00001200                __vector_offset_123 = DEFINED (__vector_dispatch_123)?(. - _ebase_address):__vector_offset_default
 *(.vector_123)
                0x9d001200                . = ALIGN (0x4)
                0x00001200                __vector_offset_124 = DEFINED (__vector_dispatch_124)?(. - _ebase_address):__vector_offset_default
 *(.vector_124)
                0x9d001200                . = ALIGN (0x4)
                0x00001200                __vector_offset_125 = DEFINED (__vector_dispatch_125)?(. - _ebase_address):__vector_offset_default
 *(.vector_125)
                0x9d001200                . = ALIGN (0x4)
                0x00001200                __vector_offset_126 = DEFINED (__vector_dispatch_126)?(. - _ebase_address):__vector_offset_default
 *(.vector_126)
                0x9d001200                . = ALIGN (0x4)
                0x00001200                __vector_offset_127 = DEFINED (__vector_dispatch_127)?(. - _ebase_address):__vector_offset_default
 *(.vector_127)
                0x9d001200                . = ALIGN (0x4)
                0x00001200                __vector_offset_128 = DEFINED (__vector_dispatch_128)?(. - _ebase_address):__vector_offset_default
 *(.vector_128)
                0x9d001200                . = ALIGN (0x4)
                0x00001200                __vector_offset_129 = DEFINED (__vector_dispatch_129)?(. - _ebase_address):__vector_offset_default
 *(.vector_129)
                0x9d001200                . = ALIGN (0x4)
                0x00001200                __vector_offset_130 = DEFINED (__vector_dispatch_130)?(. - _ebase_address):__vector_offset_default
 *(.vector_130)
                0x9d001200                . = ALIGN (0x4)
                0x00001200                __vector_offset_131 = DEFINED (__vector_dispatch_131)?(. - _ebase_address):__vector_offset_default
 *(.vector_131)
                0x9d001200                . = ALIGN (0x4)
                0x00001200                __vector_offset_132 = DEFINED (__vector_dispatch_132)?(. - _ebase_address):__vector_offset_default
 *(.vector_132)
                0x9d001200                . = ALIGN (0x4)
                0x00001200                __vector_offset_133 = DEFINED (__vector_dispatch_133)?(. - _ebase_address):__vector_offset_default
 *(.vector_133)
                0x9d001200                . = ALIGN (0x4)
                0x00001200                __vector_offset_134 = DEFINED (__vector_dispatch_134)?(. - _ebase_address):__vector_offset_default
 *(.vector_134)
                0x9d001200                . = ALIGN (0x4)
                0x00001200                __vector_offset_135 = DEFINED (__vector_dispatch_135)?(. - _ebase_address):__vector_offset_default
 *(.vector_135)
                0x9d001200                . = ALIGN (0x4)
                0x00001200                __vector_offset_136 = DEFINED (__vector_dispatch_136)?(. - _ebase_address):__vector_offset_default
 *(.vector_136)
                0x9d001200                . = ALIGN (0x4)
                0x00001200                __vector_offset_137 = DEFINED (__vector_dispatch_137)?(. - _ebase_address):__vector_offset_default
 *(.vector_137)
                0x9d001200                . = ALIGN (0x4)
                0x00001200                __vector_offset_138 = DEFINED (__vector_dispatch_138)?(. - _ebase_address):__vector_offset_default
 *(.vector_138)
                0x9d001200                . = ALIGN (0x4)
                0x00001200                __vector_offset_139 = DEFINED (__vector_dispatch_139)?(. - _ebase_address):__vector_offset_default
 *(.vector_139)
                0x9d001200                . = ALIGN (0x4)
                0x00001200                __vector_offset_140 = DEFINED (__vector_dispatch_140)?(. - _ebase_address):__vector_offset_default
 *(.vector_140)
                0x9d001200                . = ALIGN (0x4)
                0x00001200                __vector_offset_141 = DEFINED (__vector_dispatch_141)?(. - _ebase_address):__vector_offset_default
 *(.vector_141)
                0x9d001200                . = ALIGN (0x4)
                0x00001200                __vector_offset_142 = DEFINED (__vector_dispatch_142)?(. - _ebase_address):__vector_offset_default
 *(.vector_142)
                0x9d001200                . = ALIGN (0x4)
                0x00001200                __vector_offset_143 = DEFINED (__vector_dispatch_143)?(. - _ebase_address):__vector_offset_default
 *(.vector_143)
                0x9d001200                . = ALIGN (0x4)
                0x00001200                __vector_offset_144 = DEFINED (__vector_dispatch_144)?(. - _ebase_address):__vector_offset_default
 *(.vector_144)
                0x9d001200                . = ALIGN (0x4)
                0x00001200                __vector_offset_145 = DEFINED (__vector_dispatch_145)?(. - _ebase_address):__vector_offset_default
 *(.vector_145)
                0x9d001200                . = ALIGN (0x4)
                0x00001200                __vector_offset_146 = DEFINED (__vector_dispatch_146)?(. - _ebase_address):__vector_offset_default
 *(.vector_146)
                0x9d001200                . = ALIGN (0x4)
                0x00001200                __vector_offset_147 = DEFINED (__vector_dispatch_147)?(. - _ebase_address):__vector_offset_default
 *(.vector_147)
                0x9d001200                . = ALIGN (0x4)
                0x00001200                __vector_offset_148 = DEFINED (__vector_dispatch_148)?(. - _ebase_address):__vector_offset_default
 *(.vector_148)
                0x9d001200                . = ALIGN (0x4)
                0x00001200                __vector_offset_149 = DEFINED (__vector_dispatch_149)?(. - _ebase_address):__vector_offset_default
 *(.vector_149)
                0x9d001200                . = ALIGN (0x4)
                0x00001200                __vector_offset_150 = DEFINED (__vector_dispatch_150)?(. - _ebase_address):__vector_offset_default
 *(.vector_150)
                0x9d001200                . = ALIGN (0x4)
                0x00001200                __vector_offset_151 = DEFINED (__vector_dispatch_151)?(. - _ebase_address):__vector_offset_default
 *(.vector_151)
                0x9d001200                . = ALIGN (0x4)
                0x00001200                __vector_offset_152 = DEFINED (__vector_dispatch_152)?(. - _ebase_address):__vector_offset_default
 *(.vector_152)
                0x9d001200                . = ALIGN (0x4)
                0x00001200                __vector_offset_153 = DEFINED (__vector_dispatch_153)?(. - _ebase_address):__vector_offset_default
 *(.vector_153)
                0x9d001200                . = ALIGN (0x4)
                0x00001200                __vector_offset_154 = DEFINED (__vector_dispatch_154)?(. - _ebase_address):__vector_offset_default
 *(.vector_154)
                0x9d001200                . = ALIGN (0x4)
                0x00001200                __vector_offset_155 = DEFINED (__vector_dispatch_155)?(. - _ebase_address):__vector_offset_default
 *(.vector_155)
                0x9d001200                . = ALIGN (0x4)
                0x00001200                __vector_offset_156 = DEFINED (__vector_dispatch_156)?(. - _ebase_address):__vector_offset_default
 *(.vector_156)
                0x9d001200                . = ALIGN (0x4)
                0x00001200                __vector_offset_157 = DEFINED (__vector_dispatch_157)?(. - _ebase_address):__vector_offset_default
 *(.vector_157)
                0x9d001200                . = ALIGN (0x4)
                0x00001200                __vector_offset_158 = DEFINED (__vector_dispatch_158)?(. - _ebase_address):__vector_offset_default
 *(.vector_158)
                0x9d001200                . = ALIGN (0x4)
                0x00001200                __vector_offset_159 = DEFINED (__vector_dispatch_159)?(. - _ebase_address):__vector_offset_default
 *(.vector_159)
                0x9d001200                . = ALIGN (0x4)
                0x00001200                __vector_offset_160 = DEFINED (__vector_dispatch_160)?(. - _ebase_address):__vector_offset_default
 *(.vector_160)
                0x9d001200                . = ALIGN (0x4)
                0x00001200                __vector_offset_161 = DEFINED (__vector_dispatch_161)?(. - _ebase_address):__vector_offset_default
 *(.vector_161)
                0x9d001200                . = ALIGN (0x4)
                0x00001200                __vector_offset_162 = DEFINED (__vector_dispatch_162)?(. - _ebase_address):__vector_offset_default
 *(.vector_162)
                0x9d001200                . = ALIGN (0x4)
                0x00001200                __vector_offset_163 = DEFINED (__vector_dispatch_163)?(. - _ebase_address):__vector_offset_default
 *(.vector_163)
                0x9d001200                . = ALIGN (0x4)
                0x00001200                __vector_offset_164 = DEFINED (__vector_dispatch_164)?(. - _ebase_address):__vector_offset_default
 *(.vector_164)
                0x9d001200                . = ALIGN (0x4)
                0x00001200                __vector_offset_165 = DEFINED (__vector_dispatch_165)?(. - _ebase_address):__vector_offset_default
 *(.vector_165)
                0x9d001200                . = ALIGN (0x4)
                0x00001200                __vector_offset_166 = DEFINED (__vector_dispatch_166)?(. - _ebase_address):__vector_offset_default
 *(.vector_166)
                0x9d001200                . = ALIGN (0x4)
                0x00001200                __vector_offset_167 = DEFINED (__vector_dispatch_167)?(. - _ebase_address):__vector_offset_default
 *(.vector_167)
                0x9d001200                . = ALIGN (0x4)
                0x00001200                __vector_offset_168 = DEFINED (__vector_dispatch_168)?(. - _ebase_address):__vector_offset_default
 *(.vector_168)
                0x9d001200                . = ALIGN (0x4)
                0x00001200                __vector_offset_169 = DEFINED (__vector_dispatch_169)?(. - _ebase_address):__vector_offset_default
 *(.vector_169)
                0x9d001200                . = ALIGN (0x4)
                0x00001200                __vector_offset_170 = DEFINED (__vector_dispatch_170)?(. - _ebase_address):__vector_offset_default
 *(.vector_170)
                0x9d001200                . = ALIGN (0x4)
                0x00001200                __vector_offset_171 = DEFINED (__vector_dispatch_171)?(. - _ebase_address):__vector_offset_default
 *(.vector_171)
                0x9d001200                . = ALIGN (0x4)
                0x00001200                __vector_offset_172 = DEFINED (__vector_dispatch_172)?(. - _ebase_address):__vector_offset_default
 *(.vector_172)
                0x9d001200                . = ALIGN (0x4)
                0x00001200                __vector_offset_173 = DEFINED (__vector_dispatch_173)?(. - _ebase_address):__vector_offset_default
 *(.vector_173)
                0x9d001200                . = ALIGN (0x4)
                0x00001200                __vector_offset_174 = DEFINED (__vector_dispatch_174)?(. - _ebase_address):__vector_offset_default
 *(.vector_174)
                0x9d001200                . = ALIGN (0x4)
                0x00001200                __vector_offset_175 = DEFINED (__vector_dispatch_175)?(. - _ebase_address):__vector_offset_default
 *(.vector_175)
                0x9d001200                . = ALIGN (0x4)
                0x00001200                __vector_offset_176 = DEFINED (__vector_dispatch_176)?(. - _ebase_address):__vector_offset_default
 *(.vector_176)
                0x9d001200                . = ALIGN (0x4)
                0x00001200                __vector_offset_177 = DEFINED (__vector_dispatch_177)?(. - _ebase_address):__vector_offset_default
 *(.vector_177)
                0x9d001200                . = ALIGN (0x4)
                0x00001200                __vector_offset_178 = DEFINED (__vector_dispatch_178)?(. - _ebase_address):__vector_offset_default
 *(.vector_178)
                0x9d001200                . = ALIGN (0x4)
                0x00001200                __vector_offset_179 = DEFINED (__vector_dispatch_179)?(. - _ebase_address):__vector_offset_default
 *(.vector_179)
                0x9d001200                . = ALIGN (0x4)
                0x00001200                __vector_offset_180 = DEFINED (__vector_dispatch_180)?(. - _ebase_address):__vector_offset_default
 *(.vector_180)
                0x9d001200                . = ALIGN (0x4)
                0x00001200                __vector_offset_181 = DEFINED (__vector_dispatch_181)?(. - _ebase_address):__vector_offset_default
 *(.vector_181)
                0x9d001200                . = ALIGN (0x4)
                0x00001200                __vector_offset_182 = DEFINED (__vector_dispatch_182)?(. - _ebase_address):__vector_offset_default
 *(.vector_182)
                0x9d001200                . = ALIGN (0x4)
                0x00001200                __vector_offset_183 = DEFINED (__vector_dispatch_183)?(. - _ebase_address):__vector_offset_default
 *(.vector_183)
                0x9d001200                . = ALIGN (0x4)
                0x00001200                __vector_offset_184 = DEFINED (__vector_dispatch_184)?(. - _ebase_address):__vector_offset_default
 *(.vector_184)
                0x9d001200                . = ALIGN (0x4)
                0x00001200                __vector_offset_185 = DEFINED (__vector_dispatch_185)?(. - _ebase_address):__vector_offset_default
 *(.vector_185)
                0x9d001200                . = ALIGN (0x4)
                0x00001200                __vector_offset_186 = DEFINED (__vector_dispatch_186)?(. - _ebase_address):__vector_offset_default
 *(.vector_186)
                0x9d001200                . = ALIGN (0x4)
                0x00001200                __vector_offset_187 = DEFINED (__vector_dispatch_187)?(. - _ebase_address):__vector_offset_default
 *(.vector_187)
                0x9d001200                . = ALIGN (0x4)
                0x00001200                __vector_offset_188 = DEFINED (__vector_dispatch_188)?(. - _ebase_address):__vector_offset_default
 *(.vector_188)
                0x9d001200                . = ALIGN (0x4)
                0x00001200                __vector_offset_189 = DEFINED (__vector_dispatch_189)?(. - _ebase_address):__vector_offset_default
 *(.vector_189)
                0x9d001200                . = ALIGN (0x4)
                0x00001200                __vector_offset_190 = DEFINED (__vector_dispatch_190)?(. - _ebase_address):__vector_offset_default
 *(.vector_190)
                0x9d001200                . = ALIGN (0x4)
                0x00001200                __vector_offset_191 = DEFINED (__vector_dispatch_191)?(. - _ebase_address):__vector_offset_default
 *(.vector_191)
                0x9d001200                . = ALIGN (0x4)
                0x00001200                __vector_offset_192 = DEFINED (__vector_dispatch_192)?(. - _ebase_address):__vector_offset_default
 *(.vector_192)
                0x9d001200                . = ALIGN (0x4)
                0x00001200                __vector_offset_193 = DEFINED (__vector_dispatch_193)?(. - _ebase_address):__vector_offset_default
 *(.vector_193)
                0x9d001200                . = ALIGN (0x4)
                0x00001200                __vector_offset_194 = DEFINED (__vector_dispatch_194)?(. - _ebase_address):__vector_offset_default
 *(.vector_194)
                0x9d001200                . = ALIGN (0x4)
                0x00001200                __vector_offset_195 = DEFINED (__vector_dispatch_195)?(. - _ebase_address):__vector_offset_default
 *(.vector_195)
                0x9d001200                . = ALIGN (0x4)
                0x00001200                __vector_offset_196 = DEFINED (__vector_dispatch_196)?(. - _ebase_address):__vector_offset_default
 *(.vector_196)
                0x9d001200                . = ALIGN (0x4)
                0x00001200                __vector_offset_197 = DEFINED (__vector_dispatch_197)?(. - _ebase_address):__vector_offset_default
 *(.vector_197)
                0x9d001200                . = ALIGN (0x4)
                0x00001200                __vector_offset_198 = DEFINED (__vector_dispatch_198)?(. - _ebase_address):__vector_offset_default
 *(.vector_198)
                0x9d001200                . = ALIGN (0x4)
                0x00001200                __vector_offset_199 = DEFINED (__vector_dispatch_199)?(. - _ebase_address):__vector_offset_default
 *(.vector_199)
                0x9d001200                . = ALIGN (0x4)
                0x00001200                __vector_offset_200 = DEFINED (__vector_dispatch_200)?(. - _ebase_address):__vector_offset_default
 *(.vector_200)
                0x9d001200                . = ALIGN (0x4)
                0x00001200                __vector_offset_201 = DEFINED (__vector_dispatch_201)?(. - _ebase_address):__vector_offset_default
 *(.vector_201)
                0x9d001200                . = ALIGN (0x4)
                0x00001200                __vector_offset_202 = DEFINED (__vector_dispatch_202)?(. - _ebase_address):__vector_offset_default
 *(.vector_202)
                0x9d001200                . = ALIGN (0x4)
                0x00001200                __vector_offset_203 = DEFINED (__vector_dispatch_203)?(. - _ebase_address):__vector_offset_default
 *(.vector_203)
                0x9d001200                . = ALIGN (0x4)
                0x00001200                __vector_offset_204 = DEFINED (__vector_dispatch_204)?(. - _ebase_address):__vector_offset_default
 *(.vector_204)
                0x9d001200                . = ALIGN (0x4)
                0x00001200                __vector_offset_205 = DEFINED (__vector_dispatch_205)?(. - _ebase_address):__vector_offset_default
 *(.vector_205)
                0x9d001200                . = ALIGN (0x4)
                0x00001200                __vector_offset_206 = DEFINED (__vector_dispatch_206)?(. - _ebase_address):__vector_offset_default
 *(.vector_206)
                0x9d001200                . = ALIGN (0x4)
                0x00001200                __vector_offset_207 = DEFINED (__vector_dispatch_207)?(. - _ebase_address):__vector_offset_default
 *(.vector_207)
                0x9d001200                . = ALIGN (0x4)
                0x00001200                __vector_offset_208 = DEFINED (__vector_dispatch_208)?(. - _ebase_address):__vector_offset_default
 *(.vector_208)
                0x9d001200                . = ALIGN (0x4)
                0x00001200                __vector_offset_209 = DEFINED (__vector_dispatch_209)?(. - _ebase_address):__vector_offset_default
 *(.vector_209)
                0x9d001200                . = ALIGN (0x4)
                0x00001200                __vector_offset_210 = DEFINED (__vector_dispatch_210)?(. - _ebase_address):__vector_offset_default
 *(.vector_210)
                0x9d001200                . = ALIGN (0x4)
                0x00001200                __vector_offset_211 = DEFINED (__vector_dispatch_211)?(. - _ebase_address):__vector_offset_default
 *(.vector_211)
                0x9d001200                . = ALIGN (0x4)
                0x00001200                __vector_offset_212 = DEFINED (__vector_dispatch_212)?(. - _ebase_address):__vector_offset_default
 *(.vector_212)
                0x9d001200                . = ALIGN (0x4)
                0x00001200                __vector_offset_213 = DEFINED (__vector_dispatch_213)?(. - _ebase_address):__vector_offset_default
 *(.vector_213)
                0x9d001200                . = ALIGN (0x4)
                0x00001200                __vector_offset_214 = DEFINED (__vector_dispatch_214)?(. - _ebase_address):__vector_offset_default
 *(.vector_214)
                0x9d001200                . = ALIGN (0x4)
                0x00001200                __vector_offset_215 = DEFINED (__vector_dispatch_215)?(. - _ebase_address):__vector_offset_default
 *(.vector_215)
                0x9d001200                . = ALIGN (0x4)
                0x00001200                __vector_offset_216 = DEFINED (__vector_dispatch_216)?(. - _ebase_address):__vector_offset_default
 *(.vector_216)
                0x9d001200                . = ALIGN (0x4)
                0x00001200                __vector_offset_217 = DEFINED (__vector_dispatch_217)?(. - _ebase_address):__vector_offset_default
 *(.vector_217)
                0x9d001200                . = ALIGN (0x4)
                0x00001200                __vector_offset_218 = DEFINED (__vector_dispatch_218)?(. - _ebase_address):__vector_offset_default
 *(.vector_218)
                0x9d001200                . = ALIGN (0x4)
                0x00001200                __vector_offset_219 = DEFINED (__vector_dispatch_219)?(. - _ebase_address):__vector_offset_default
 *(.vector_219)
                0x9d001200                . = ALIGN (0x4)
                0x00001200                __vector_offset_220 = DEFINED (__vector_dispatch_220)?(. - _ebase_address):__vector_offset_default
 *(.vector_220)
                0x9d001200                . = ALIGN (0x4)
                0x00001200                __vector_offset_221 = DEFINED (__vector_dispatch_221)?(. - _ebase_address):__vector_offset_default
 *(.vector_221)
                0x9d001200                . = ALIGN (0x4)
                0x00001200                __vector_offset_222 = DEFINED (__vector_dispatch_222)?(. - _ebase_address):__vector_offset_default
 *(.vector_222)
                0x9d001200                . = ALIGN (0x4)
                0x00001200                __vector_offset_223 = DEFINED (__vector_dispatch_223)?(. - _ebase_address):__vector_offset_default
 *(.vector_223)
                0x9d001200                . = ALIGN (0x4)
                0x00001200                __vector_offset_224 = DEFINED (__vector_dispatch_224)?(. - _ebase_address):__vector_offset_default
 *(.vector_224)
                0x9d001200                . = ALIGN (0x4)
                0x00001200                __vector_offset_225 = DEFINED (__vector_dispatch_225)?(. - _ebase_address):__vector_offset_default
 *(.vector_225)
                0x9d001200                . = ALIGN (0x4)
                0x00001200                __vector_offset_226 = DEFINED (__vector_dispatch_226)?(. - _ebase_address):__vector_offset_default
 *(.vector_226)
                0x9d001200                . = ALIGN (0x4)
                0x00001200                __vector_offset_227 = DEFINED (__vector_dispatch_227)?(. - _ebase_address):__vector_offset_default
 *(.vector_227)
                0x9d001200                . = ALIGN (0x4)
                0x00001200                __vector_offset_228 = DEFINED (__vector_dispatch_228)?(. - _ebase_address):__vector_offset_default
 *(.vector_228)
                0x9d001200                . = ALIGN (0x4)
                0x00001200                __vector_offset_229 = DEFINED (__vector_dispatch_229)?(. - _ebase_address):__vector_offset_default
 *(.vector_229)
                0x9d001200                . = ALIGN (0x4)
                0x00001200                __vector_offset_230 = DEFINED (__vector_dispatch_230)?(. - _ebase_address):__vector_offset_default
 *(.vector_230)
                0x9d001200                . = ALIGN (0x4)
                0x00001200                __vector_offset_231 = DEFINED (__vector_dispatch_231)?(. - _ebase_address):__vector_offset_default
 *(.vector_231)
                0x9d001200                . = ALIGN (0x4)
                0x00001200                __vector_offset_232 = DEFINED (__vector_dispatch_232)?(. - _ebase_address):__vector_offset_default
 *(.vector_232)
                0x9d001200                . = ALIGN (0x4)
                0x00001200                __vector_offset_233 = DEFINED (__vector_dispatch_233)?(. - _ebase_address):__vector_offset_default
 *(.vector_233)
                0x9d001200                . = ALIGN (0x4)
                0x00001200                __vector_offset_234 = DEFINED (__vector_dispatch_234)?(. - _ebase_address):__vector_offset_default
 *(.vector_234)
                0x9d001200                . = ALIGN (0x4)
                0x00001200                __vector_offset_235 = DEFINED (__vector_dispatch_235)?(. - _ebase_address):__vector_offset_default
 *(.vector_235)
                0x9d001200                . = ALIGN (0x4)
                0x00001200                __vector_offset_236 = DEFINED (__vector_dispatch_236)?(. - _ebase_address):__vector_offset_default
 *(.vector_236)
                0x9d001200                . = ALIGN (0x4)
                0x00001200                __vector_offset_237 = DEFINED (__vector_dispatch_237)?(. - _ebase_address):__vector_offset_default
 *(.vector_237)
                0x9d001200                . = ALIGN (0x4)
                0x00001200                __vector_offset_238 = DEFINED (__vector_dispatch_238)?(. - _ebase_address):__vector_offset_default
 *(.vector_238)
                0x9d001200                . = ALIGN (0x4)
                0x00001200                __vector_offset_239 = DEFINED (__vector_dispatch_239)?(. - _ebase_address):__vector_offset_default
 *(.vector_239)
                0x9d001200                . = ALIGN (0x4)
                0x00001200                __vector_offset_240 = DEFINED (__vector_dispatch_240)?(. - _ebase_address):__vector_offset_default
 *(.vector_240)
                0x9d001200                . = ALIGN (0x4)
                0x00001200                __vector_offset_241 = DEFINED (__vector_dispatch_241)?(. - _ebase_address):__vector_offset_default
 *(.vector_241)
                0x9d001200                . = ALIGN (0x4)
                0x00001200                __vector_offset_242 = DEFINED (__vector_dispatch_242)?(. - _ebase_address):__vector_offset_default
 *(.vector_242)
                0x9d001200                . = ALIGN (0x4)
                0x00001200                __vector_offset_243 = DEFINED (__vector_dispatch_243)?(. - _ebase_address):__vector_offset_default
 *(.vector_243)
                0x9d001200                . = ALIGN (0x4)
                0x00001200                __vector_offset_244 = DEFINED (__vector_dispatch_244)?(. - _ebase_address):__vector_offset_default
 *(.vector_244)
                0x9d001200                . = ALIGN (0x4)
                0x00001200                __vector_offset_245 = DEFINED (__vector_dispatch_245)?(. - _ebase_address):__vector_offset_default
 *(.vector_245)
                0x9d001200                . = ALIGN (0x4)
                0x00001200                __vector_offset_246 = DEFINED (__vector_dispatch_246)?(. - _ebase_address):__vector_offset_default
 *(.vector_246)
                0x9d001200                . = ALIGN (0x4)
                0x00001200                __vector_offset_247 = DEFINED (__vector_dispatch_247)?(. - _ebase_address):__vector_offset_default
 *(.vector_247)
                0x9d001200                . = ALIGN (0x4)
                0x00001200                __vector_offset_248 = DEFINED (__vector_dispatch_248)?(. - _ebase_address):__vector_offset_default
 *(.vector_248)
                0x9d001200                . = ALIGN (0x4)
                0x00001200                __vector_offset_249 = DEFINED (__vector_dispatch_249)?(. - _ebase_address):__vector_offset_default
 *(.vector_249)
                0x9d001200                . = ALIGN (0x4)
                0x00001200                __vector_offset_250 = DEFINED (__vector_dispatch_250)?(. - _ebase_address):__vector_offset_default
 *(.vector_250)
                0x9d001200                . = ALIGN (0x4)
                0x00001200                __vector_offset_251 = DEFINED (__vector_dispatch_251)?(. - _ebase_address):__vector_offset_default
 *(.vector_251)
                0x9d001200                . = ALIGN (0x4)
                0x00001200                __vector_offset_252 = DEFINED (__vector_dispatch_252)?(. - _ebase_address):__vector_offset_default
 *(.vector_252)
                0x9d001200                . = ALIGN (0x4)
                0x00001200                __vector_offset_253 = DEFINED (__vector_dispatch_253)?(. - _ebase_address):__vector_offset_default
 *(.vector_253)
                0x9d001200                . = ALIGN (0x4)
                0x00001200                __vector_offset_254 = DEFINED (__vector_dispatch_254)?(. - _ebase_address):__vector_offset_default
 *(.vector_254)
                0x9d001200                . = ALIGN (0x4)
                0x00001200                __vector_offset_255 = DEFINED (__vector_dispatch_255)?(. - _ebase_address):__vector_offset_default
 *(.vector_255)
                0x9d001200                . = ALIGN (0x4)
                0x00001200                __vector_offset_default = (. - _ebase_address)
 *(.vector_default)
 .vector_default
                0x9d001200       0x48 c:/program files/microchip/xc32/v2.40/bin/bin/../../lib/gcc/pic32mx/4.8.3/../../../../pic32mx/lib/fpu64\libpic32.a(defaultinterrupt.o)
                0x9d001200                _DefaultInterrupt

.text           0x9d001248        0x0
 *(.stub .gnu.linkonce.t.*)
 *(.text.*personality*)
 *(.mips16.fn.*)
 *(.mips16.call.*)
 *(.gnu.warning)
                0x9d001248                . = ALIGN (0x4)

.init           0x9d001248        0x0
 *crti.o(.init)
 *crtbegin.o(.init)
 *(EXCLUDE_FILE(*crtn.o *crtend?.o *crtend.o) .init)
 *crtend.o(.init)
 *crtn.o(.init)
                0x9d001248                . = ALIGN (0x4)

.fini           0x9d001248        0x0
 *(.fini)
                0x9d001248                . = ALIGN (0x4)

.preinit_array  0x9d001248        0x0
                0x9d001248                PROVIDE (__preinit_array_start, .)
 *(.preinit_array)
                0x9d001248                PROVIDE (__preinit_array_end, .)
                0x9d001248                . = ALIGN (0x4)

.init_array     0x9d001248        0x0
                0x9d001248                PROVIDE (__init_array_start, .)
 *(SORT(.init_array.*))
 *(.init_array)
                0x9d001248                PROVIDE (__init_array_end, .)
                0x9d001248                . = ALIGN (0x4)

.fini_array     0x9d001248        0x0
                0x9d001248                PROVIDE (__fini_array_start, .)
 *(SORT(.fini_array.*))
 *(.fini_array)
                0x9d001248                PROVIDE (__fini_array_end, .)
                0x9d001248                . = ALIGN (0x4)

.ctors          0x9d001248        0x0
 *crtbegin.o(.ctors)
 *crtbegin?.o(.ctors)
 *(EXCLUDE_FILE(*crtend?.o *crtend.o) .ctors)
 *(SORT(.ctors.*))
 *(.ctors)
                0x9d001248                . = ALIGN (0x4)

.dtors          0x9d001248        0x0
 *crtbegin.o(.dtors)
 *crtbegin?.o(.dtors)
 *(EXCLUDE_FILE(*crtend?.o *crtend.o) .dtors)
 *(SORT(.dtors.*))
 *(.dtors)
                0x9d001248                . = ALIGN (0x4)

.rodata         0x9d001248        0x0
 *(.gnu.linkonce.r.*)
 *(.rodata1)
                0x9d001248                . = ALIGN (0x4)

.sdata2         0x9d001248        0x0
 *(.sdata2 .sdata2.* .gnu.linkonce.s2.*)
                0x9d001248                . = ALIGN (0x4)

.sbss2          0x9d001248        0x0
 *(.sbss2 .sbss2.* .gnu.linkonce.sb2.*)
                0x9d001248                . = ALIGN (0x4)

.eh_frame_hdr
 *(.eh_frame_hdr)
                0x9d001248                . = ALIGN (0x4)

.eh_frame
 *(.eh_frame)
                0x9d001248                . = ALIGN (0x4)

.gcc_except_table
 *(.gcc_except_table .gcc_except_table.*)
                0x9d001248                . = ALIGN (0x4)

.dbg_data       0x80000010        0x0
                0x80000010                . = (. + DEFINED (_DEBUGGER)?0x200:0x0)
                0x80000010                . = (. + DEFINED (_DEBUGGER)?0x80:0x0)
                0x80000010                . = (. + DEFINED (_DEBUGGER)?0x100:0x0)

.jcr            0x80000010        0x0
 *(.jcr)
                0x80000010                . = ALIGN (0x4)

.eh_frame
 *(.eh_frame)
                0x80000010                . = ALIGN (0x4)

.gcc_except_table
 *(.gcc_except_table .gcc_except_table.*)
                0x80000010                . = ALIGN (0x4)

.persist        0x80000010        0x0
                0x80000010                _persist_begin = .
 *(.persist .persist.*)
                0x80000010                . = ALIGN (0x4)
                0x80000010                _persist_end = .

.data           0x80000010        0x0
 *(.gnu.linkonce.d.*)
 *(.data1)
                0x80000010                . = ALIGN (0x4)
                0x80000010                . = .
                0x80008000                _gp = (ALIGN (0x10) + 0x7ff0)

.got            0x80000010        0x0
 *(.got.plt)
 *(.got)
                0x80000010                . = ALIGN (0x4)

.sdata          0x80000010       0x2c
                0x80000010                _sdata_begin = .
 *(.sdata .sdata.* .gnu.linkonce.s.*)
 .sdata         0x80000010        0x4 build/pic32mz_ef_sk/production/_ext/1710852712/plib_coretimer.o
 .sdata         0x80000014        0x4 build/pic32mz_ef_sk/production/_ext/1360937237/app_mips.o
 .sdata         0x80000018       0x24 c:/program files/microchip/xc32/v2.40/bin/bin/../../lib/gcc/pic32mx/4.8.3/../../../../pic32mx/lib/fpu64\libpic32.a(pic32_init_cache.o)
                0x80000018                __pic32_icache_size
                0x8000001c                __pic32_icache_linesize
                0x80000020                __pic32_icache_ways
                0x80000024                __pic32_dcache_size
                0x80000028                __pic32_dcache_linesize
                0x8000002c                __pic32_dcache_ways
                0x80000030                __pic32_scache_size
                0x80000034                __pic32_scache_linesize
                0x80000038                __pic32_scache_ways
                0x8000003c                . = ALIGN (0x4)
                0x8000003c                _sdata_end = .

.lit8
 *(.lit8)

.lit4
 *(.lit4)
                0x8000003c                . = ALIGN (0x4)
                0x8000003c                _data_end = .
                0x8000003c                _bss_begin = .

.sbss           0x8000003c       0x10
                0x8000003c                _sbss_begin = .
 *(.dynsbss)
 *(.sbss .sbss.* .gnu.linkonce.sb.*)
 .sbss          0x8000003c        0x8 build/pic32mz_ef_sk/production/_ext/942849350/exceptions.o
 .sbss          0x80000044        0x8 build/pic32mz_ef_sk/production/_ext/1360937237/app_mips.o
                0x80000044                appData
 *(.scommon)
                0x8000004c                _sbss_end = .
                0x8000004c                . = ALIGN (0x4)

.bss            0x8000004c        0x0
 *(.dynbss)
 *(COMMON)
                0x8000004c                . = ALIGN ((. != 0x0)?0x4:0x1)
                0x8000004c                . = ALIGN (0x4)
                0x8000004c                _end = .
                0x8000004c                _bss_end = .
                0x0007fff0                _bmxdudba_address = 0x7fff0
                0x0007fff0                _bmxdupba_address = 0x7fff0

/DISCARD/
 *(.pdr)
 *(.rel.dyn)
 *(.note.GNU-stack)
 *(.note.GNU-stack)
 *(.gnu_debuglink)
 *(.gnu.lto_*)
 *(.discard)
 *(._debug_exception)
 *(.config_*)

.gptab.sdata
 *(.gptab.data)
 *(.gptab.sdata)

.gptab.sbss
 *(.gptab.bss)
 *(.gptab.sbss)

.mdebug.abi32   0x00000000        0x0
 *(.mdebug.abi32)
 .mdebug.abi32  0x00000000        0x0 build/pic32mz_ef_sk/production/_ext/978308758/bsp.o
 .mdebug.abi32  0x00000000        0x0 build/pic32mz_ef_sk/production/_ext/1098417660/plib_clk.o
 .mdebug.abi32  0x00000000        0x0 build/pic32mz_ef_sk/production/_ext/1710852712/plib_coretimer.o
 .mdebug.abi32  0x00000000        0x0 build/pic32mz_ef_sk/production/_ext/308860137/plib_evic.o
 .mdebug.abi32  0x00000000        0x0 build/pic32mz_ef_sk/production/_ext/308913965/plib_gpio.o
 .mdebug.abi32  0x00000000        0x0 build/pic32mz_ef_sk/production/_ext/309316908/plib_uart6.o
 .mdebug.abi32  0x00000000        0x0 build/pic32mz_ef_sk/production/_ext/458842868/xc32_monitor.o
 .mdebug.abi32  0x00000000        0x0 build/pic32mz_ef_sk/production/_ext/942849350/initialization.o
 .mdebug.abi32  0x00000000        0x0 build/pic32mz_ef_sk/production/_ext/942849350/interrupts.o
 .mdebug.abi32  0x00000000        0x0 build/pic32mz_ef_sk/production/_ext/942849350/exceptions.o
 .mdebug.abi32  0x00000000        0x0 build/pic32mz_ef_sk/production/_ext/942849350/tasks.o
 .mdebug.abi32  0x00000000        0x0 build/pic32mz_ef_sk/production/_ext/1360937237/main.o
 .mdebug.abi32  0x00000000        0x0 build/pic32mz_ef_sk/production/_ext/1360937237/app_mips.o
 .mdebug.abi32  0x00000000        0x0 c:/program files/microchip/xc32/v2.40/bin/bin/../../lib/gcc/pic32mx/4.8.3/../../../../pic32mx/lib/fpu64\libpic32.a(default-on-reset.o)
 .mdebug.abi32  0x00000000        0x0 c:/program files/microchip/xc32/v2.40/bin/bin/../../lib/gcc/pic32mx/4.8.3/../../../../pic32mx/lib/fpu64\libpic32.a(default-on-bootstrap.o)
 .mdebug.abi32  0x00000000        0x0 c:/program files/microchip/xc32/v2.40/bin/bin/../../lib/gcc/pic32mx/4.8.3/../../../../pic32mx/lib/fpu64\libpic32.a(defaultinterrupt.o)
 .mdebug.abi32  0x00000000        0x0 c:/program files/microchip/xc32/v2.40/bin/bin/../../lib/gcc/pic32mx/4.8.3/../../../../pic32mx/lib/fpu64\libc.a(_iob.o)
 .mdebug.abi32  0x00000000        0x0 c:/program files/microchip/xc32/v2.40/bin/bin/../../lib/gcc/pic32mx/4.8.3/../../../../pic32mx/lib/fpu64\libc.a(setbuf.o)
 .mdebug.abi32  0x00000000        0x0 c:/program files/microchip/xc32/v2.40/bin/bin/../../lib/gcc/pic32mx/4.8.3/../../../../pic32mx/lib/fpu64\libc.a(printf_s.eo)
 .mdebug.abi32  0x00000000        0x0 c:/program files/microchip/xc32/v2.40/bin/bin/../../lib/gcc/pic32mx/4.8.3/../../../../pic32mx/lib/fpu64\libc.a(buf.o)
 .mdebug.abi32  0x00000000        0x0 c:/program files/microchip/xc32/v2.40/bin/bin/../../lib/gcc/pic32mx/4.8.3/../../../../pic32mx/lib/fpu64\libc.a(errno.o)
 .mdebug.abi32  0x00000000        0x0 c:/program files/microchip/xc32/v2.40/bin/bin/../../lib/gcc/pic32mx/4.8.3/../../../../pic32mx/lib/fpu64\libc.a(doprnt_s.eo)
 .mdebug.abi32  0x00000000        0x0 c:/program files/microchip/xc32/v2.40/bin/bin/../../lib/gcc/pic32mx/4.8.3/../../../../pic32mx/lib/fpu64\libc.a(_fputc_simple.o)
 .mdebug.abi32  0x00000000        0x0 c:/program files/microchip/xc32/v2.40/bin/bin/../../lib/gcc/pic32mx/4.8.3/../../../../pic32mx/lib/fpu64\libc.a(ctype.o)
 .mdebug.abi32  0x00000000        0x0 c:/program files/microchip/xc32/v2.40/bin/bin/../../lib/gcc/pic32mx/4.8.3/../../../../pic32mx/lib/fpu64\libc.a(_flsbuf_simple.o)
 .mdebug.abi32  0x00000000        0x0 c:/program files/microchip/xc32/v2.40/bin/bin/../../lib/gcc/pic32mx/4.8.3/fpu64\libgcc.a(_udivdi3.o)
 .mdebug.abi32  0x00000000        0x0 c:/program files/microchip/xc32/v2.40/bin/bin/../../lib/gcc/pic32mx/4.8.3/fpu64\libgcc.a(_umoddi3.o)
 .mdebug.abi32  0x00000000        0x0 c:/program files/microchip/xc32/v2.40/bin/bin/../../lib/gcc/pic32mx/4.8.3/../../../../pic32mx/lib/fpu64\libpic32.a(sbrk.o)
 .mdebug.abi32  0x00000000        0x0 c:/program files/microchip/xc32/v2.40/bin/bin/../../lib/gcc/pic32mx/4.8.3/../../../../pic32mx/lib/fpu64\libpic32.a(write.o)

.mdebug.abiN32
 *(.mdebug.abiN32)

.mdebug.abi64
 *(.mdebug.abi64)

.mdebug.abiO64
 *(.mdebug.abiO64)

.mdebug.eabi32
 *(.mdebug.eabi32)

.mdebug.eabi64
 *(.mdebug.eabi64)

.gcc_compiled_long32
 *(.gcc_compiled_long32)

.gcc_compiled_long64
 *(.gcc_compiled_long64)

.stab
 *(.stab)

.stabstr
 *(.stabstr)

.stab.excl
 *(.stab.excl)

.stab.exclstr
 *(.stab.exclstr)

.stab.index
 *(.stab.index)

.stab.indexstr
 *(.stab.indexstr)

.comment        0x00000000       0xed
 *(.comment)
 .comment       0x00000000       0x3c build/pic32mz_ef_sk/production/_ext/978308758/bsp.o
                                 0x3d (size before relaxing)
 .comment       0x00000000       0x3d build/pic32mz_ef_sk/production/_ext/1098417660/plib_clk.o
 .comment       0x00000000       0x3d build/pic32mz_ef_sk/production/_ext/1710852712/plib_coretimer.o
 .comment       0x00000000       0x3d build/pic32mz_ef_sk/production/_ext/308860137/plib_evic.o
 .comment       0x00000000       0x3d build/pic32mz_ef_sk/production/_ext/308913965/plib_gpio.o
 .comment       0x00000000       0x3d build/pic32mz_ef_sk/production/_ext/309316908/plib_uart6.o
 .comment       0x00000000       0x3d build/pic32mz_ef_sk/production/_ext/458842868/xc32_monitor.o
 .comment       0x00000000       0x3d build/pic32mz_ef_sk/production/_ext/942849350/initialization.o
 .comment       0x00000000       0x3d build/pic32mz_ef_sk/production/_ext/942849350/interrupts.o
 .comment       0x00000000       0x3d build/pic32mz_ef_sk/production/_ext/942849350/exceptions.o
 .comment       0x00000000       0x3d build/pic32mz_ef_sk/production/_ext/942849350/tasks.o
 .comment       0x00000000       0x3d build/pic32mz_ef_sk/production/_ext/1360937237/main.o
 .comment       0x00000000       0x3d build/pic32mz_ef_sk/production/_ext/1360937237/app_mips.o
 .comment       0x00000000       0x3d c:/program files/microchip/xc32/v2.40/bin/bin/../../lib/gcc/pic32mx/4.8.3/../../../../pic32mx/lib/fpu64\libpic32.a(default-on-reset.o)
 .comment       0x00000000       0x3d c:/program files/microchip/xc32/v2.40/bin/bin/../../lib/gcc/pic32mx/4.8.3/../../../../pic32mx/lib/fpu64\libpic32.a(default-on-bootstrap.o)
 .comment       0x00000000       0x3d c:/program files/microchip/xc32/v2.40/bin/bin/../../lib/gcc/pic32mx/4.8.3/../../../../pic32mx/lib/fpu64\libpic32.a(defaultinterrupt.o)
 .comment       0x00000000       0x3d c:/program files/microchip/xc32/v2.40/bin/bin/../../lib/gcc/pic32mx/4.8.3/../../../../pic32mx/lib/fpu64\libc.a(_iob.o)
 .comment       0x00000000       0x3d c:/program files/microchip/xc32/v2.40/bin/bin/../../lib/gcc/pic32mx/4.8.3/../../../../pic32mx/lib/fpu64\libc.a(setbuf.o)
 .comment       0x00000000       0x3d c:/program files/microchip/xc32/v2.40/bin/bin/../../lib/gcc/pic32mx/4.8.3/../../../../pic32mx/lib/fpu64\libc.a(printf_s.eo)
 .comment       0x00000000       0x3d c:/program files/microchip/xc32/v2.40/bin/bin/../../lib/gcc/pic32mx/4.8.3/../../../../pic32mx/lib/fpu64\libc.a(buf.o)
 .comment       0x00000000       0x3d c:/program files/microchip/xc32/v2.40/bin/bin/../../lib/gcc/pic32mx/4.8.3/../../../../pic32mx/lib/fpu64\libc.a(errno.o)
 .comment       0x00000000       0x3d c:/program files/microchip/xc32/v2.40/bin/bin/../../lib/gcc/pic32mx/4.8.3/../../../../pic32mx/lib/fpu64\libc.a(doprnt_s.eo)
 .comment       0x00000000       0x3d c:/program files/microchip/xc32/v2.40/bin/bin/../../lib/gcc/pic32mx/4.8.3/../../../../pic32mx/lib/fpu64\libc.a(_fputc_simple.o)
 .comment       0x0000003c       0x4e c:/program files/microchip/xc32/v2.40/bin/bin/../../lib/gcc/pic32mx/4.8.3/../../../../pic32mx/lib/fpu64\libc.a(ctype.o)
                                 0x8b (size before relaxing)
 .comment       0x00000000       0x3d c:/program files/microchip/xc32/v2.40/bin/bin/../../lib/gcc/pic32mx/4.8.3/../../../../pic32mx/lib/fpu64\libc.a(_flsbuf_simple.o)
 .comment       0x00000000       0x3d c:/program files/microchip/xc32/v2.40/bin/bin/../../lib/gcc/pic32mx/4.8.3/fpu64\libgcc.a(_udivdi3.o)
 .comment       0x00000000       0x3d c:/program files/microchip/xc32/v2.40/bin/bin/../../lib/gcc/pic32mx/4.8.3/fpu64\libgcc.a(_umoddi3.o)
 .comment       0x0000008a       0x4b c:/program files/microchip/xc32/v2.40/bin/bin/../../lib/gcc/pic32mx/4.8.3/../../../../pic32mx/lib/fpu64\libpic32.a(sbrk.o)
                                 0x88 (size before relaxing)
 .comment       0x00000000       0x3d c:/program files/microchip/xc32/v2.40/bin/bin/../../lib/gcc/pic32mx/4.8.3/../../../../pic32mx/lib/fpu64\libpic32.a(write.o)
 .comment       0x000000d5       0x18 c:/program files/microchip/xc32/v2.40/bin/bin/../../lib/gcc/pic32mx/4.8.3/../../../../pic32mx/lib/fpu64\libpic32.a(memset.o)
                                 0x19 (size before relaxing)

.debug
 *.elf(.debug)
 *(.debug)

.line
 *.elf(.line)
 *(.line)

.debug_srcinfo
 *.elf(.debug_srcinfo)
 *(.debug_srcinfo)

.debug_sfnames
 *.elf(.debug_sfnames)
 *(.debug_sfnames)

.debug_aranges  0x00000000      0x4c8
 *.elf(.debug_aranges)
 *(.debug_aranges)
 .debug_aranges
                0x00000000       0x20 build/pic32mz_ef_sk/production/_ext/978308758/bsp.o
 .debug_aranges
                0x00000020       0x20 build/pic32mz_ef_sk/production/_ext/1098417660/plib_clk.o
 .debug_aranges
                0x00000040       0x60 build/pic32mz_ef_sk/production/_ext/1710852712/plib_coretimer.o
 .debug_aranges
                0x000000a0       0x68 build/pic32mz_ef_sk/production/_ext/308860137/plib_evic.o
 .debug_aranges
                0x00000108       0x60 build/pic32mz_ef_sk/production/_ext/308913965/plib_gpio.o
 .debug_aranges
                0x00000168       0x80 build/pic32mz_ef_sk/production/_ext/309316908/plib_uart6.o
 .debug_aranges
                0x000001e8       0x28 build/pic32mz_ef_sk/production/_ext/458842868/xc32_monitor.o
 .debug_aranges
                0x00000210       0x28 build/pic32mz_ef_sk/production/_ext/942849350/initialization.o
 .debug_aranges
                0x00000238       0x18 build/pic32mz_ef_sk/production/_ext/942849350/interrupts.o
 .debug_aranges
                0x00000250       0x38 build/pic32mz_ef_sk/production/_ext/942849350/exceptions.o
 .debug_aranges
                0x00000288       0x20 build/pic32mz_ef_sk/production/_ext/942849350/tasks.o
 .debug_aranges
                0x000002a8       0x20 build/pic32mz_ef_sk/production/_ext/1360937237/main.o
 .debug_aranges
                0x000002c8       0x30 build/pic32mz_ef_sk/production/_ext/1360937237/app_mips.o
 .debug_aranges
                0x000002f8       0x20 c:/program files/microchip/xc32/v2.40/bin/bin/../../lib/gcc/pic32mx/4.8.3/../../../../pic32mx/lib/fpu64\libpic32.a(default-on-reset.o)
 .debug_aranges
                0x00000318       0x20 c:/program files/microchip/xc32/v2.40/bin/bin/../../lib/gcc/pic32mx/4.8.3/../../../../pic32mx/lib/fpu64\libpic32.a(default-on-bootstrap.o)
 .debug_aranges
                0x00000338       0x20 c:/program files/microchip/xc32/v2.40/bin/bin/../../lib/gcc/pic32mx/4.8.3/../../../../pic32mx/lib/fpu64\libpic32.a(defaultinterrupt.o)
 .debug_aranges
                0x00000358       0x28 c:/program files/microchip/xc32/v2.40/bin/bin/../../lib/gcc/pic32mx/4.8.3/../../../../pic32mx/lib/fpu64\libc.a(setbuf.o)
 .debug_aranges
                0x00000380       0x20 c:/program files/microchip/xc32/v2.40/bin/bin/../../lib/gcc/pic32mx/4.8.3/../../../../pic32mx/lib/fpu64\libc.a(printf_s.eo)
 .debug_aranges
                0x000003a0       0x28 c:/program files/microchip/xc32/v2.40/bin/bin/../../lib/gcc/pic32mx/4.8.3/../../../../pic32mx/lib/fpu64\libc.a(buf.o)
 .debug_aranges
                0x000003c8       0x20 c:/program files/microchip/xc32/v2.40/bin/bin/../../lib/gcc/pic32mx/4.8.3/../../../../pic32mx/lib/fpu64\libc.a(doprnt_s.eo)
 .debug_aranges
                0x000003e8       0x20 c:/program files/microchip/xc32/v2.40/bin/bin/../../lib/gcc/pic32mx/4.8.3/../../../../pic32mx/lib/fpu64\libc.a(_fputc_simple.o)
 .debug_aranges
                0x00000408       0x20 c:/program files/microchip/xc32/v2.40/bin/bin/../../lib/gcc/pic32mx/4.8.3/../../../../pic32mx/lib/fpu64\libc.a(_flsbuf_simple.o)
 .debug_aranges
                0x00000428       0x20 c:/program files/microchip/xc32/v2.40/bin/bin/../../lib/gcc/pic32mx/4.8.3/fpu64\libgcc.a(_udivdi3.o)
 .debug_aranges
                0x00000448       0x20 c:/program files/microchip/xc32/v2.40/bin/bin/../../lib/gcc/pic32mx/4.8.3/fpu64\libgcc.a(_umoddi3.o)
 .debug_aranges
                0x00000468       0x40 c:/program files/microchip/xc32/v2.40/bin/bin/../../lib/gcc/pic32mx/4.8.3/../../../../pic32mx/lib/fpu64\libpic32.a(sbrk.o)
 .debug_aranges
                0x000004a8       0x20 c:/program files/microchip/xc32/v2.40/bin/bin/../../lib/gcc/pic32mx/4.8.3/../../../../pic32mx/lib/fpu64\libpic32.a(write.o)

.debug_pubnames
 *.elf(.debug_pubnames)
 *(.debug_pubnames)

.debug_info     0x00000000     0x6075
 *.elf(.debug_info .gnu.linkonce.wi.*)
 *(.debug_info .gnu.linkonce.wi.*)
 .debug_info    0x00000000      0x1e3 build/pic32mz_ef_sk/production/_ext/978308758/bsp.o
 .debug_info    0x000001e3      0x3a5 build/pic32mz_ef_sk/production/_ext/1098417660/plib_clk.o
 .debug_info    0x00000588      0x6b2 build/pic32mz_ef_sk/production/_ext/1710852712/plib_coretimer.o
 .debug_info    0x00000c3a     0x18c1 build/pic32mz_ef_sk/production/_ext/308860137/plib_evic.o
 .debug_info    0x000024fb      0x77a build/pic32mz_ef_sk/production/_ext/308913965/plib_gpio.o
 .debug_info    0x00002c75      0x877 build/pic32mz_ef_sk/production/_ext/309316908/plib_uart6.o
 .debug_info    0x000034ec      0x268 build/pic32mz_ef_sk/production/_ext/458842868/xc32_monitor.o
 .debug_info    0x00003754      0x4c3 build/pic32mz_ef_sk/production/_ext/942849350/initialization.o
 .debug_info    0x00003c17      0x1c3 build/pic32mz_ef_sk/production/_ext/942849350/interrupts.o
 .debug_info    0x00003dda      0x384 build/pic32mz_ef_sk/production/_ext/942849350/exceptions.o
 .debug_info    0x0000415e      0x1e4 build/pic32mz_ef_sk/production/_ext/942849350/tasks.o
 .debug_info    0x00004342      0x1cd build/pic32mz_ef_sk/production/_ext/1360937237/main.o
 .debug_info    0x0000450f      0x331 build/pic32mz_ef_sk/production/_ext/1360937237/app_mips.o
 .debug_info    0x00004840       0xcd c:/program files/microchip/xc32/v2.40/bin/bin/../../lib/gcc/pic32mx/4.8.3/../../../../pic32mx/lib/fpu64\libpic32.a(default-on-reset.o)
 .debug_info    0x0000490d       0xd5 c:/program files/microchip/xc32/v2.40/bin/bin/../../lib/gcc/pic32mx/4.8.3/../../../../pic32mx/lib/fpu64\libpic32.a(default-on-bootstrap.o)
 .debug_info    0x000049e2       0xe7 c:/program files/microchip/xc32/v2.40/bin/bin/../../lib/gcc/pic32mx/4.8.3/../../../../pic32mx/lib/fpu64\libpic32.a(defaultinterrupt.o)
 .debug_info    0x00004ac9       0xdb c:/program files/microchip/xc32/v2.40/bin/bin/../../lib/gcc/pic32mx/4.8.3/../../../../pic32mx/lib/fpu64\libc.a(setbuf.o)
 .debug_info    0x00004ba4       0xc7 c:/program files/microchip/xc32/v2.40/bin/bin/../../lib/gcc/pic32mx/4.8.3/../../../../pic32mx/lib/fpu64\libc.a(printf_s.eo)
 .debug_info    0x00004c6b       0xea c:/program files/microchip/xc32/v2.40/bin/bin/../../lib/gcc/pic32mx/4.8.3/../../../../pic32mx/lib/fpu64\libc.a(buf.o)
 .debug_info    0x00004d55       0xca c:/program files/microchip/xc32/v2.40/bin/bin/../../lib/gcc/pic32mx/4.8.3/../../../../pic32mx/lib/fpu64\libc.a(doprnt_s.eo)
 .debug_info    0x00004e1f       0xc2 c:/program files/microchip/xc32/v2.40/bin/bin/../../lib/gcc/pic32mx/4.8.3/../../../../pic32mx/lib/fpu64\libc.a(_fputc_simple.o)
 .debug_info    0x00004ee1       0xc5 c:/program files/microchip/xc32/v2.40/bin/bin/../../lib/gcc/pic32mx/4.8.3/../../../../pic32mx/lib/fpu64\libc.a(_flsbuf_simple.o)
 .debug_info    0x00004fa6      0x751 c:/program files/microchip/xc32/v2.40/bin/bin/../../lib/gcc/pic32mx/4.8.3/fpu64\libgcc.a(_udivdi3.o)
 .debug_info    0x000056f7      0x78e c:/program files/microchip/xc32/v2.40/bin/bin/../../lib/gcc/pic32mx/4.8.3/fpu64\libgcc.a(_umoddi3.o)
 .debug_info    0x00005e85      0x131 c:/program files/microchip/xc32/v2.40/bin/bin/../../lib/gcc/pic32mx/4.8.3/../../../../pic32mx/lib/fpu64\libpic32.a(sbrk.o)
 .debug_info    0x00005fb6       0xbf c:/program files/microchip/xc32/v2.40/bin/bin/../../lib/gcc/pic32mx/4.8.3/../../../../pic32mx/lib/fpu64\libpic32.a(write.o)

.debug_abbrev   0x00000000      0xf76
 *.elf(.debug_abbrev)
 *(.debug_abbrev)
 .debug_abbrev  0x00000000       0x5e build/pic32mz_ef_sk/production/_ext/978308758/bsp.o
 .debug_abbrev  0x0000005e       0xa8 build/pic32mz_ef_sk/production/_ext/1098417660/plib_clk.o
 .debug_abbrev  0x00000106      0x132 build/pic32mz_ef_sk/production/_ext/1710852712/plib_coretimer.o
 .debug_abbrev  0x00000238       0xed build/pic32mz_ef_sk/production/_ext/308860137/plib_evic.o
 .debug_abbrev  0x00000325      0x123 build/pic32mz_ef_sk/production/_ext/308913965/plib_gpio.o
 .debug_abbrev  0x00000448      0x1f1 build/pic32mz_ef_sk/production/_ext/309316908/plib_uart6.o
 .debug_abbrev  0x00000639       0xab build/pic32mz_ef_sk/production/_ext/458842868/xc32_monitor.o
 .debug_abbrev  0x000006e4      0x163 build/pic32mz_ef_sk/production/_ext/942849350/initialization.o
 .debug_abbrev  0x00000847       0x51 build/pic32mz_ef_sk/production/_ext/942849350/interrupts.o
 .debug_abbrev  0x00000898       0x94 build/pic32mz_ef_sk/production/_ext/942849350/exceptions.o
 .debug_abbrev  0x0000092c       0x6f build/pic32mz_ef_sk/production/_ext/942849350/tasks.o
 .debug_abbrev  0x0000099b       0x71 build/pic32mz_ef_sk/production/_ext/1360937237/main.o
 .debug_abbrev  0x00000a0c       0xe0 build/pic32mz_ef_sk/production/_ext/1360937237/app_mips.o
 .debug_abbrev  0x00000aec       0x28 c:/program files/microchip/xc32/v2.40/bin/bin/../../lib/gcc/pic32mx/4.8.3/../../../../pic32mx/lib/fpu64\libpic32.a(default-on-reset.o)
 .debug_abbrev  0x00000b14       0x28 c:/program files/microchip/xc32/v2.40/bin/bin/../../lib/gcc/pic32mx/4.8.3/../../../../pic32mx/lib/fpu64\libpic32.a(default-on-bootstrap.o)
 .debug_abbrev  0x00000b3c       0x28 c:/program files/microchip/xc32/v2.40/bin/bin/../../lib/gcc/pic32mx/4.8.3/../../../../pic32mx/lib/fpu64\libpic32.a(defaultinterrupt.o)
 .debug_abbrev  0x00000b64       0x28 c:/program files/microchip/xc32/v2.40/bin/bin/../../lib/gcc/pic32mx/4.8.3/../../../../pic32mx/lib/fpu64\libc.a(setbuf.o)
 .debug_abbrev  0x00000b8c       0x28 c:/program files/microchip/xc32/v2.40/bin/bin/../../lib/gcc/pic32mx/4.8.3/../../../../pic32mx/lib/fpu64\libc.a(printf_s.eo)
 .debug_abbrev  0x00000bb4       0x4f c:/program files/microchip/xc32/v2.40/bin/bin/../../lib/gcc/pic32mx/4.8.3/../../../../pic32mx/lib/fpu64\libc.a(buf.o)
 .debug_abbrev  0x00000c03       0x28 c:/program files/microchip/xc32/v2.40/bin/bin/../../lib/gcc/pic32mx/4.8.3/../../../../pic32mx/lib/fpu64\libc.a(doprnt_s.eo)
 .debug_abbrev  0x00000c2b       0x28 c:/program files/microchip/xc32/v2.40/bin/bin/../../lib/gcc/pic32mx/4.8.3/../../../../pic32mx/lib/fpu64\libc.a(_fputc_simple.o)
 .debug_abbrev  0x00000c53       0x28 c:/program files/microchip/xc32/v2.40/bin/bin/../../lib/gcc/pic32mx/4.8.3/../../../../pic32mx/lib/fpu64\libc.a(_flsbuf_simple.o)
 .debug_abbrev  0x00000c7b      0x138 c:/program files/microchip/xc32/v2.40/bin/bin/../../lib/gcc/pic32mx/4.8.3/fpu64\libgcc.a(_udivdi3.o)
 .debug_abbrev  0x00000db3      0x147 c:/program files/microchip/xc32/v2.40/bin/bin/../../lib/gcc/pic32mx/4.8.3/fpu64\libgcc.a(_umoddi3.o)
 .debug_abbrev  0x00000efa       0x54 c:/program files/microchip/xc32/v2.40/bin/bin/../../lib/gcc/pic32mx/4.8.3/../../../../pic32mx/lib/fpu64\libpic32.a(sbrk.o)
 .debug_abbrev  0x00000f4e       0x28 c:/program files/microchip/xc32/v2.40/bin/bin/../../lib/gcc/pic32mx/4.8.3/../../../../pic32mx/lib/fpu64\libpic32.a(write.o)

.debug_line     0x00000000     0x1f4e
 *.elf(.debug_line)
 *(.debug_line)
 .debug_line    0x00000000      0x165 build/pic32mz_ef_sk/production/_ext/978308758/bsp.o
 .debug_line    0x00000165      0x17d build/pic32mz_ef_sk/production/_ext/1098417660/plib_clk.o
 .debug_line    0x000002e2      0x224 build/pic32mz_ef_sk/production/_ext/1710852712/plib_coretimer.o
 .debug_line    0x00000506      0x242 build/pic32mz_ef_sk/production/_ext/308860137/plib_evic.o
 .debug_line    0x00000748      0x234 build/pic32mz_ef_sk/production/_ext/308913965/plib_gpio.o
 .debug_line    0x0000097c      0x32c build/pic32mz_ef_sk/production/_ext/309316908/plib_uart6.o
 .debug_line    0x00000ca8      0x1c8 build/pic32mz_ef_sk/production/_ext/458842868/xc32_monitor.o
 .debug_line    0x00000e70      0x1d8 build/pic32mz_ef_sk/production/_ext/942849350/initialization.o
 .debug_line    0x00001048       0xe0 build/pic32mz_ef_sk/production/_ext/942849350/interrupts.o
 .debug_line    0x00001128      0x19d build/pic32mz_ef_sk/production/_ext/942849350/exceptions.o
 .debug_line    0x000012c5      0x160 build/pic32mz_ef_sk/production/_ext/942849350/tasks.o
 .debug_line    0x00001425      0x148 build/pic32mz_ef_sk/production/_ext/1360937237/main.o
 .debug_line    0x0000156d      0x213 build/pic32mz_ef_sk/production/_ext/1360937237/app_mips.o
 .debug_line    0x00001780       0x93 c:/program files/microchip/xc32/v2.40/bin/bin/../../lib/gcc/pic32mx/4.8.3/../../../../pic32mx/lib/fpu64\libpic32.a(default-on-reset.o)
 .debug_line    0x00001813       0x97 c:/program files/microchip/xc32/v2.40/bin/bin/../../lib/gcc/pic32mx/4.8.3/../../../../pic32mx/lib/fpu64\libpic32.a(default-on-bootstrap.o)
 .debug_line    0x000018aa       0xa5 c:/program files/microchip/xc32/v2.40/bin/bin/../../lib/gcc/pic32mx/4.8.3/../../../../pic32mx/lib/fpu64\libpic32.a(defaultinterrupt.o)
 .debug_line    0x0000194f        0x0 c:/program files/microchip/xc32/v2.40/bin/bin/../../lib/gcc/pic32mx/4.8.3/../../../../pic32mx/lib/fpu64\libc.a(_iob.o)
 .debug_line    0x0000194f       0x7e c:/program files/microchip/xc32/v2.40/bin/bin/../../lib/gcc/pic32mx/4.8.3/../../../../pic32mx/lib/fpu64\libc.a(setbuf.o)
 .debug_line    0x000019cd       0x7e c:/program files/microchip/xc32/v2.40/bin/bin/../../lib/gcc/pic32mx/4.8.3/../../../../pic32mx/lib/fpu64\libc.a(printf_s.eo)
 .debug_line    0x00001a4b       0x7b c:/program files/microchip/xc32/v2.40/bin/bin/../../lib/gcc/pic32mx/4.8.3/../../../../pic32mx/lib/fpu64\libc.a(buf.o)
 .debug_line    0x00001ac6        0x0 c:/program files/microchip/xc32/v2.40/bin/bin/../../lib/gcc/pic32mx/4.8.3/../../../../pic32mx/lib/fpu64\libc.a(errno.o)
 .debug_line    0x00001ac6       0x7e c:/program files/microchip/xc32/v2.40/bin/bin/../../lib/gcc/pic32mx/4.8.3/../../../../pic32mx/lib/fpu64\libc.a(doprnt_s.eo)
 .debug_line    0x00001b44       0x7d c:/program files/microchip/xc32/v2.40/bin/bin/../../lib/gcc/pic32mx/4.8.3/../../../../pic32mx/lib/fpu64\libc.a(_fputc_simple.o)
 .debug_line    0x00001bc1        0x0 c:/program files/microchip/xc32/v2.40/bin/bin/../../lib/gcc/pic32mx/4.8.3/../../../../pic32mx/lib/fpu64\libc.a(ctype.o)
 .debug_line    0x00001bc1       0x7e c:/program files/microchip/xc32/v2.40/bin/bin/../../lib/gcc/pic32mx/4.8.3/../../../../pic32mx/lib/fpu64\libc.a(_flsbuf_simple.o)
 .debug_line    0x00001c3f       0xf7 c:/program files/microchip/xc32/v2.40/bin/bin/../../lib/gcc/pic32mx/4.8.3/fpu64\libgcc.a(_udivdi3.o)
 .debug_line    0x00001d36      0x109 c:/program files/microchip/xc32/v2.40/bin/bin/../../lib/gcc/pic32mx/4.8.3/fpu64\libgcc.a(_umoddi3.o)
 .debug_line    0x00001e3f       0x87 c:/program files/microchip/xc32/v2.40/bin/bin/../../lib/gcc/pic32mx/4.8.3/../../../../pic32mx/lib/fpu64\libpic32.a(sbrk.o)
 .debug_line    0x00001ec6       0x88 c:/program files/microchip/xc32/v2.40/bin/bin/../../lib/gcc/pic32mx/4.8.3/../../../../pic32mx/lib/fpu64\libpic32.a(write.o)

.debug_frame    0x00000000      0xaec
 *.elf(.debug_frame)
 *(.debug_frame)
 .debug_frame   0x00000000       0x30 build/pic32mz_ef_sk/production/_ext/978308758/bsp.o
 .debug_frame   0x00000030       0x30 build/pic32mz_ef_sk/production/_ext/1098417660/plib_clk.o
 .debug_frame   0x00000060      0x14c build/pic32mz_ef_sk/production/_ext/1710852712/plib_coretimer.o
 .debug_frame   0x000001ac      0x15c build/pic32mz_ef_sk/production/_ext/308860137/plib_evic.o
 .debug_frame   0x00000308      0x134 build/pic32mz_ef_sk/production/_ext/308913965/plib_gpio.o
 .debug_frame   0x0000043c      0x1bc build/pic32mz_ef_sk/production/_ext/309316908/plib_uart6.o
 .debug_frame   0x000005f8       0x58 build/pic32mz_ef_sk/production/_ext/458842868/xc32_monitor.o
 .debug_frame   0x00000650       0x58 build/pic32mz_ef_sk/production/_ext/942849350/initialization.o
 .debug_frame   0x000006a8       0x80 build/pic32mz_ef_sk/production/_ext/942849350/exceptions.o
 .debug_frame   0x00000728       0x34 build/pic32mz_ef_sk/production/_ext/942849350/tasks.o
 .debug_frame   0x0000075c       0x2c build/pic32mz_ef_sk/production/_ext/1360937237/main.o
 .debug_frame   0x00000788       0x78 build/pic32mz_ef_sk/production/_ext/1360937237/app_mips.o
 .debug_frame   0x00000800       0x20 c:/program files/microchip/xc32/v2.40/bin/bin/../../lib/gcc/pic32mx/4.8.3/../../../../pic32mx/lib/fpu64\libpic32.a(default-on-reset.o)
 .debug_frame   0x00000820       0x20 c:/program files/microchip/xc32/v2.40/bin/bin/../../lib/gcc/pic32mx/4.8.3/../../../../pic32mx/lib/fpu64\libpic32.a(default-on-bootstrap.o)
 .debug_frame   0x00000840       0x20 c:/program files/microchip/xc32/v2.40/bin/bin/../../lib/gcc/pic32mx/4.8.3/../../../../pic32mx/lib/fpu64\libpic32.a(defaultinterrupt.o)
 .debug_frame   0x00000860       0x54 c:/program files/microchip/xc32/v2.40/bin/bin/../../lib/gcc/pic32mx/4.8.3/../../../../pic32mx/lib/fpu64\libc.a(setbuf.o)
 .debug_frame   0x000008b4       0x2c c:/program files/microchip/xc32/v2.40/bin/bin/../../lib/gcc/pic32mx/4.8.3/../../../../pic32mx/lib/fpu64\libc.a(printf_s.eo)
 .debug_frame   0x000008e0       0x40 c:/program files/microchip/xc32/v2.40/bin/bin/../../lib/gcc/pic32mx/4.8.3/../../../../pic32mx/lib/fpu64\libc.a(buf.o)
 .debug_frame   0x00000920       0x48 c:/program files/microchip/xc32/v2.40/bin/bin/../../lib/gcc/pic32mx/4.8.3/../../../../pic32mx/lib/fpu64\libc.a(doprnt_s.eo)
 .debug_frame   0x00000968       0x30 c:/program files/microchip/xc32/v2.40/bin/bin/../../lib/gcc/pic32mx/4.8.3/../../../../pic32mx/lib/fpu64\libc.a(_fputc_simple.o)
 .debug_frame   0x00000998       0x38 c:/program files/microchip/xc32/v2.40/bin/bin/../../lib/gcc/pic32mx/4.8.3/../../../../pic32mx/lib/fpu64\libc.a(_flsbuf_simple.o)
 .debug_frame   0x000009d0       0x20 c:/program files/microchip/xc32/v2.40/bin/bin/../../lib/gcc/pic32mx/4.8.3/fpu64\libgcc.a(_udivdi3.o)
 .debug_frame   0x000009f0       0x20 c:/program files/microchip/xc32/v2.40/bin/bin/../../lib/gcc/pic32mx/4.8.3/fpu64\libgcc.a(_umoddi3.o)
 .debug_frame   0x00000a10       0xa4 c:/program files/microchip/xc32/v2.40/bin/bin/../../lib/gcc/pic32mx/4.8.3/../../../../pic32mx/lib/fpu64\libpic32.a(sbrk.o)
 .debug_frame   0x00000ab4       0x38 c:/program files/microchip/xc32/v2.40/bin/bin/../../lib/gcc/pic32mx/4.8.3/../../../../pic32mx/lib/fpu64\libpic32.a(write.o)

.debug_str      0x00000000       0x3a
 *.elf(.debug_str)
 *(.debug_str)
 .debug_str     0x00000000        0x0 build/pic32mz_ef_sk/production/_ext/978308758/bsp.o
 .debug_str     0x00000000        0x0 build/pic32mz_ef_sk/production/_ext/1098417660/plib_clk.o
 .debug_str     0x00000000       0x14 build/pic32mz_ef_sk/production/_ext/1710852712/plib_coretimer.o
 .debug_str     0x00000014        0x7 build/pic32mz_ef_sk/production/_ext/308860137/plib_evic.o
 .debug_str     0x0000001b        0xa build/pic32mz_ef_sk/production/_ext/308913965/plib_gpio.o
 .debug_str     0x00000025       0x15 build/pic32mz_ef_sk/production/_ext/309316908/plib_uart6.o
 .debug_str     0x0000003a        0x0 build/pic32mz_ef_sk/production/_ext/458842868/xc32_monitor.o
 .debug_str     0x0000003a        0x0 build/pic32mz_ef_sk/production/_ext/942849350/initialization.o
 .debug_str     0x0000003a        0x0 build/pic32mz_ef_sk/production/_ext/942849350/interrupts.o
 .debug_str     0x0000003a        0x0 build/pic32mz_ef_sk/production/_ext/942849350/exceptions.o
 .debug_str     0x0000003a        0x0 build/pic32mz_ef_sk/production/_ext/942849350/tasks.o
 .debug_str     0x0000003a        0x0 build/pic32mz_ef_sk/production/_ext/1360937237/main.o
 .debug_str     0x0000003a        0x0 build/pic32mz_ef_sk/production/_ext/1360937237/app_mips.o
 .debug_str     0x0000003a        0x0 c:/program files/microchip/xc32/v2.40/bin/bin/../../lib/gcc/pic32mx/4.8.3/../../../../pic32mx/lib/fpu64\libpic32.a(default-on-reset.o)
 .debug_str     0x0000003a        0x0 c:/program files/microchip/xc32/v2.40/bin/bin/../../lib/gcc/pic32mx/4.8.3/../../../../pic32mx/lib/fpu64\libpic32.a(default-on-bootstrap.o)
 .debug_str     0x0000003a        0x0 c:/program files/microchip/xc32/v2.40/bin/bin/../../lib/gcc/pic32mx/4.8.3/../../../../pic32mx/lib/fpu64\libpic32.a(defaultinterrupt.o)
 .debug_str     0x0000003a        0x0 c:/program files/microchip/xc32/v2.40/bin/bin/../../lib/gcc/pic32mx/4.8.3/../../../../pic32mx/lib/fpu64\libc.a(_iob.o)
 .debug_str     0x0000003a        0x0 c:/program files/microchip/xc32/v2.40/bin/bin/../../lib/gcc/pic32mx/4.8.3/../../../../pic32mx/lib/fpu64\libc.a(setbuf.o)
 .debug_str     0x0000003a        0x0 c:/program files/microchip/xc32/v2.40/bin/bin/../../lib/gcc/pic32mx/4.8.3/../../../../pic32mx/lib/fpu64\libc.a(printf_s.eo)
 .debug_str     0x0000003a        0x0 c:/program files/microchip/xc32/v2.40/bin/bin/../../lib/gcc/pic32mx/4.8.3/../../../../pic32mx/lib/fpu64\libc.a(buf.o)
 .debug_str     0x0000003a        0x0 c:/program files/microchip/xc32/v2.40/bin/bin/../../lib/gcc/pic32mx/4.8.3/../../../../pic32mx/lib/fpu64\libc.a(errno.o)
 .debug_str     0x0000003a        0x0 c:/program files/microchip/xc32/v2.40/bin/bin/../../lib/gcc/pic32mx/4.8.3/../../../../pic32mx/lib/fpu64\libc.a(doprnt_s.eo)